Archive member included to satisfy reference by file (symbol)

/usr/lib/gcc/arm-none-eabi/14.2.0/thumb/v6-m/nofp/libgcc.a(_dvmd_tls.o)
                              CMakeFiles/sub_pico.dir/usr/share/pico-sdk/src/rp2_common/pico_divider/divider_hardware.S.o (__aeabi_idiv0)
/usr/lib/gcc/arm-none-eabi/14.2.0/../../../../arm-none-eabi/lib/thumb/v6-m/nofp/libg.a(libc_a-atexit.o)
                              /usr/lib/gcc/arm-none-eabi/14.2.0/../../../../arm-none-eabi/lib/thumb/v6-m/nofp/crt0.o (atexit)
/usr/lib/gcc/arm-none-eabi/14.2.0/../../../../arm-none-eabi/lib/thumb/v6-m/nofp/libg.a(libc_a-calloc.o)
                              CMakeFiles/sub_pico.dir/usr/share/pico-sdk/src/rp2_common/pico_malloc/malloc.c.o (calloc)
/usr/lib/gcc/arm-none-eabi/14.2.0/../../../../arm-none-eabi/lib/thumb/v6-m/nofp/libg.a(libc_a-callocr.o)
                              /usr/lib/gcc/arm-none-eabi/14.2.0/../../../../arm-none-eabi/lib/thumb/v6-m/nofp/libg.a(libc_a-calloc.o) (_calloc_r)
/usr/lib/gcc/arm-none-eabi/14.2.0/../../../../arm-none-eabi/lib/thumb/v6-m/nofp/libg.a(libc_a-malloc.o)
                              CMakeFiles/sub_pico.dir/usr/share/pico-sdk/src/rp2_common/pico_malloc/malloc.c.o (malloc)
/usr/lib/gcc/arm-none-eabi/14.2.0/../../../../arm-none-eabi/lib/thumb/v6-m/nofp/libg.a(libc_a-mallocr.o)
                              /usr/lib/gcc/arm-none-eabi/14.2.0/../../../../arm-none-eabi/lib/thumb/v6-m/nofp/libg.a(libc_a-callocr.o) (_malloc_r)
/usr/lib/gcc/arm-none-eabi/14.2.0/../../../../arm-none-eabi/lib/thumb/v6-m/nofp/libg.a(libc_a-mlock.o)
                              /usr/lib/gcc/arm-none-eabi/14.2.0/../../../../arm-none-eabi/lib/thumb/v6-m/nofp/libg.a(libc_a-mallocr.o) (__malloc_lock)
/usr/lib/gcc/arm-none-eabi/14.2.0/../../../../arm-none-eabi/lib/thumb/v6-m/nofp/libg.a(libc_a-realloc.o)
                              CMakeFiles/sub_pico.dir/usr/share/pico-sdk/src/rp2_common/pico_malloc/malloc.c.o (realloc)
/usr/lib/gcc/arm-none-eabi/14.2.0/../../../../arm-none-eabi/lib/thumb/v6-m/nofp/libg.a(libc_a-reallocr.o)
                              /usr/lib/gcc/arm-none-eabi/14.2.0/../../../../arm-none-eabi/lib/thumb/v6-m/nofp/libg.a(libc_a-realloc.o) (_realloc_r)
/usr/lib/gcc/arm-none-eabi/14.2.0/../../../../arm-none-eabi/lib/thumb/v6-m/nofp/libg.a(libc_a-memcmp.o)
                              CMakeFiles/sub_pico.dir/usr/share/pico-sdk/src/rp2_common/pico_atomic/atomic.c.o (memcmp)
/usr/lib/gcc/arm-none-eabi/14.2.0/../../../../arm-none-eabi/lib/thumb/v6-m/nofp/libg.a(libc_a-memmove.o)
                              CMakeFiles/sub_pico.dir/usr/share/pico-sdk/lib/cyw43-driver/src/cyw43_ll.c.o (memmove)
/usr/lib/gcc/arm-none-eabi/14.2.0/../../../../arm-none-eabi/lib/thumb/v6-m/nofp/libg.a(libc_a-strncmp.o)
                              CMakeFiles/sub_pico.dir/usr/share/pico-sdk/lib/cyw43-driver/src/cyw43_ll.c.o (strncmp)
/usr/lib/gcc/arm-none-eabi/14.2.0/../../../../arm-none-eabi/lib/thumb/v6-m/nofp/libg.a(libc_a-lcltime_r.o)
                              CMakeFiles/sub_pico.dir/usr/share/pico-sdk/src/common/pico_util/datetime.c.o (localtime_r)
/usr/lib/gcc/arm-none-eabi/14.2.0/../../../../arm-none-eabi/lib/thumb/v6-m/nofp/libg.a(libc_a-mktime.o)
                              CMakeFiles/sub_pico.dir/usr/share/pico-sdk/src/common/pico_util/datetime.c.o (mktime)
/usr/lib/gcc/arm-none-eabi/14.2.0/../../../../arm-none-eabi/lib/thumb/v6-m/nofp/libg.a(libc_a-month_lengths.o)
                              /usr/lib/gcc/arm-none-eabi/14.2.0/../../../../arm-none-eabi/lib/thumb/v6-m/nofp/libg.a(libc_a-lcltime_r.o) (__month_lengths)
/usr/lib/gcc/arm-none-eabi/14.2.0/../../../../arm-none-eabi/lib/thumb/v6-m/nofp/libg.a(libc_a-tzcalc_limits.o)
                              /usr/lib/gcc/arm-none-eabi/14.2.0/../../../../arm-none-eabi/lib/thumb/v6-m/nofp/libg.a(libc_a-lcltime_r.o) (__tzcalc_limits)
/usr/lib/gcc/arm-none-eabi/14.2.0/../../../../arm-none-eabi/lib/thumb/v6-m/nofp/libg.a(libc_a-tzlock.o)
                              /usr/lib/gcc/arm-none-eabi/14.2.0/../../../../arm-none-eabi/lib/thumb/v6-m/nofp/libg.a(libc_a-lcltime_r.o) (__tz_lock)
/usr/lib/gcc/arm-none-eabi/14.2.0/../../../../arm-none-eabi/lib/thumb/v6-m/nofp/libg.a(libc_a-tzset.o)
                              /usr/lib/gcc/arm-none-eabi/14.2.0/../../../../arm-none-eabi/lib/thumb/v6-m/nofp/libg.a(libc_a-lcltime_r.o) (_tzset_unlocked)
/usr/lib/gcc/arm-none-eabi/14.2.0/../../../../arm-none-eabi/lib/thumb/v6-m/nofp/libg.a(libc_a-tzset_r.o)
                              /usr/lib/gcc/arm-none-eabi/14.2.0/../../../../arm-none-eabi/lib/thumb/v6-m/nofp/libg.a(libc_a-tzset.o) (_tzset_unlocked_r)
/usr/lib/gcc/arm-none-eabi/14.2.0/../../../../arm-none-eabi/lib/thumb/v6-m/nofp/libg.a(libc_a-tzvars.o)
                              /usr/lib/gcc/arm-none-eabi/14.2.0/../../../../arm-none-eabi/lib/thumb/v6-m/nofp/libg.a(libc_a-tzset_r.o) (_timezone)
/usr/lib/gcc/arm-none-eabi/14.2.0/../../../../arm-none-eabi/lib/thumb/v6-m/nofp/libg.a(libc_a-impure.o)
[...]
Memory Configuration

Name             Origin             Length             Attributes
FLASH            0x10000000         0x00200000         xr
RAM              0x20000000         0x00040000         xrw
SCRATCH_X        0x20040000         0x00001000         xrw
SCRATCH_Y        0x20041000         0x00001000         xrw
*default*        0x00000000         0xffffffff

Linker script and memory map

LOAD /usr/lib/gcc/arm-none-eabi/14.2.0/thumb/v6-m/nofp/crti.o
LOAD /usr/lib/gcc/arm-none-eabi/14.2.0/thumb/v6-m/nofp/crtbegin.o
LOAD /usr/lib/gcc/arm-none-eabi/14.2.0/../../../../arm-none-eabi/lib/thumb/v6-m/nofp/crt0.o

.flash_begin    0x10000000        0x0
                0x10000000                        __flash_binary_start = .

.boot2          0x10000000      0x100
                0x10000000                        __boot2_start__ = .
 *(.boot2)
 .boot2         0x10000000      0x100 pico-sdk/src/rp2040/boot_stage2/CMakeFiles/bs2_default_library.dir/bs2_default_padded_checksummed.S.o
                0x10000100                        __boot2_end__ = .
                0x00000001                        ASSERT (((__boot2_end__ - __boot2_start__) == 0x100), ERROR: Pico second stage bootloader must be 256 bytes in size)

.text           0x10000100     0xc540
                0x10000100                        __logical_binary_start = .
 *(.vectors)
 .vectors       0x10000100       0xd4 CMakeFiles/sub_pico.dir/usr/share/pico-sdk/src/rp2_common/pico_crt0/crt0.S.o
                0x10000100                __vectors
                0x10000100                __VECTOR_TABLE
                0x100001c0                isr_invalid
                0x100001c0                __default_isrs_start
                0x100001c2                isr_nmi
                0x100001c4                isr_hardfault
                0x100001c6                isr_svcall
                0x100001c8                isr_pendsv
                0x100001ca                isr_systick
                0x100001cc                isr_irq30
                0x100001cc                __unhandled_user_irq
                0x100001cc                isr_irq13
                0x100001cc                isr_irq27
                0x100001cc                isr_irq31
                0x100001cc                isr_irq5
                0x100001cc                isr_irq11
                0x100001cc                isr_irq23
                0x100001cc                isr_irq18
                0x100001cc                isr_irq28
                0x100001cc                isr_irq19
                0x100001cc                isr_irq0
                0x100001cc                isr_irq6
                0x100001cc                isr_irq22
                0x100001cc                isr_irq17
                0x100001cc                isr_irq14
                0x100001cc                isr_irq2
                0x100001cc                isr_irq10
                0x100001cc                isr_irq8
                0x100001cc                isr_irq24
                0x100001cc                isr_irq1
                0x100001cc                isr_irq7
                0x100001cc                isr_irq21
                0x100001cc                isr_irq20
                0x100001cc                isr_irq15
                0x100001cc                isr_irq25
                0x100001cc                isr_irq4
                0x100001cc                isr_irq16
                0x100001cc                isr_irq29
                0x100001cc                isr_irq26
                0x100001cc                __default_isrs_end
                0x100001cc                isr_irq3
                0x100001cc                isr_irq12
                0x100001cc                isr_irq9
                0x100001d2                unhandled_user_irq_num_in_r0
 *(.binary_info_header)
 .binary_info_header
                0x100001d4       0x14 CMakeFiles/sub_pico.dir/usr/share/pico-sdk/src/rp2_common/pico_crt0/crt0.S.o
                0x100001e8                        __binary_info_header_end = .
 *(.embedded_block)
                0x100001e8                        __embedded_block_end = .
 *(.reset)
 .reset         0x100001e8       0x9c CMakeFiles/sub_pico.dir/usr/share/pico-sdk/src/rp2_common/pico_crt0/crt0.S.o
                0x100001e8                _entry_point
 *(.init)
 .init          0x10000284        0x4 /usr/lib/gcc/arm-none-eabi/14.2.0/thumb/v6-m/nofp/crti.o
                0x10000284                _init
 *(EXCLUDE_FILE(*libm.a: *libc.a:*lib_a-mem*.o *libgcc.a:) .text*)
 .text.frame_dummy
                0x10000288       0x20 /usr/lib/gcc/arm-none-eabi/14.2.0/thumb/v6-m/nofp/crtbegin.o
 .text.startup.main
                0x100002a8       0x48 CMakeFiles/sub_pico.dir/src/main.cpp.o
                0x100002a8                main
 .text.gpio_set_function
                0x100002f0       0x34 CMakeFiles/sub_pico.dir/usr/share/pico-sdk/src/rp2_common/hardware_gpio/gpio.c.o
                0x100002f0                gpio_set_function
 .text.gpio_set_pulls
                0x10000324       0x28 CMakeFiles/sub_pico.dir/usr/share/pico-sdk/src/rp2_common/hardware_gpio/gpio.c.o
                0x10000324                gpio_set_pulls
 .text.gpio_set_input_hysteresis_enabled
                0x1000034c       0x28 CMakeFiles/sub_pico.dir/usr/share/pico-sdk/src/rp2_common/hardware_gpio/gpio.c.o
                0x1000034c                gpio_set_input_hysteresis_enabled
 .text.gpio_set_irq_enabled
                0x10000374       0x58 CMakeFiles/sub_pico.dir/usr/share/pico-sdk/src/rp2_common/hardware_gpio/gpio.c.o
                0x10000374                gpio_set_irq_enabled
 .text.gpio_add_raw_irq_handler_with_order_priority_masked
                0x100003cc       0x44 CMakeFiles/sub_pico.dir/usr/share/pico-sdk/src/rp2_common/hardware_gpio/gpio.c.o
                0x100003cc                gpio_add_raw_irq_handler_with_order_priority_masked
 .text.gpio_remove_raw_irq_handler_masked
                0x10000410       0x20 CMakeFiles/sub_pico.dir/usr/share/pico-sdk/src/rp2_common/hardware_gpio/gpio.c.o
                0x10000410                gpio_remove_raw_irq_handler_masked
 .text.gpio_init
                0x10000430       0x40 CMakeFiles/sub_pico.dir/usr/share/pico-sdk/src/rp2_common/hardware_gpio/gpio.c.o
                0x10000430                gpio_init
 .text.rp2040_chip_version
                0x10000470        0xc CMakeFiles/sub_pico.dir/usr/share/pico-sdk/src/rp2040/pico_platform/platform.c.o
                0x10000470                rp2040_chip_version
 .text.panic    0x1000047c       0x30 CMakeFiles/sub_pico.dir/usr/share/pico-sdk/src/rp2_common/pico_platform_panic/panic.c.o
                0x1000047c                panic
 .text.hw_claim_lock
                0x100004ac       0x18 CMakeFiles/sub_pico.dir/usr/share/pico-sdk/src/common/hardware_claim/claim.c.o
                0x100004ac                hw_claim_lock
 .text.hw_claim_unlock
                0x100004c4       0x14 CMakeFiles/sub_pico.dir/usr/share/pico-sdk/src/common/hardware_claim/claim.c.o
                0x100004c4                hw_claim_unlock
 .text.hw_claim_or_assert
                0x100004d8       0x44 CMakeFiles/sub_pico.dir/usr/share/pico-sdk/src/common/hardware_claim/claim.c.o
                0x100004d8                hw_claim_or_assert
 .text.hw_claim_unused_from_range
                0x1000051c       0x88 CMakeFiles/sub_pico.dir/usr/share/pico-sdk/src/common/hardware_claim/claim.c.o
                0x1000051c                hw_claim_unused_from_range
 .text.hw_claim_clear
                0x100005a4       0x38 CMakeFiles/sub_pico.dir/usr/share/pico-sdk/src/common/hardware_claim/claim.c.o
                0x100005a4                hw_claim_clear
 .text.next_striped_spin_lock_num
                0x100005dc       0x18 CMakeFiles/sub_pico.dir/usr/share/pico-sdk/src/rp2_common/hardware_sync/sync.c.o
                0x100005dc                next_striped_spin_lock_num
 .text.spin_lock_claim_unused
                0x100005f4       0x24 CMakeFiles/sub_pico.dir/usr/share/pico-sdk/src/rp2_common/hardware_sync/sync.c.o
                0x100005f4                spin_lock_claim_unused
 .text.spin_locks_reset
                0x10000618       0x1c CMakeFiles/sub_pico.dir/usr/share/pico-sdk/src/rp2_common/hardware_sync_spin_lock/sync_spin_lock.c.o
                0x10000618                spin_locks_reset
 .text.runtime_init_per_core_irq_priorities
                0x10000634       0x24 CMakeFiles/sub_pico.dir/usr/share/pico-sdk/src/rp2_common/hardware_irq/irq.c.o
                0x10000634                runtime_init_per_core_irq_priorities
 .text.irq_set_enabled
                0x10000658       0x24 CMakeFiles/sub_pico.dir/usr/share/pico-sdk/src/rp2_common/hardware_irq/irq.c.o
                0x10000658                irq_set_enabled
 .text.irq_is_enabled
                0x1000067c       0x18 CMakeFiles/sub_pico.dir/usr/share/pico-sdk/src/rp2_common/hardware_irq/irq.c.o
                0x1000067c                irq_is_enabled
 .text.irq_set_pending
                0x10000694       0x10 CMakeFiles/sub_pico.dir/usr/share/pico-sdk/src/rp2_common/hardware_irq/irq.c.o
                0x10000694                irq_set_pending
 .text.irq_has_shared_handler
                0x100006a4       0x2c CMakeFiles/sub_pico.dir/usr/share/pico-sdk/src/rp2_common/hardware_irq/irq.c.o
                0x100006a4                irq_has_shared_handler
 .text.irq_set_exclusive_handler
                0x100006d0       0x54 CMakeFiles/sub_pico.dir/usr/share/pico-sdk/src/rp2_common/hardware_irq/irq.c.o
                0x100006d0                irq_set_exclusive_handler
 .text.irq_add_shared_handler
                0x10000724      0x1f4 CMakeFiles/sub_pico.dir/usr/share/pico-sdk/src/rp2_common/hardware_irq/irq.c.o
                0x10000724                irq_add_shared_handler
 .text.irq_remove_handler
                0x10000918      0x1d4 CMakeFiles/sub_pico.dir/usr/share/pico-sdk/src/rp2_common/hardware_irq/irq.c.o
                0x10000918                irq_remove_handler
 .text.irq_set_priority
                0x10000aec       0x28 CMakeFiles/sub_pico.dir/usr/share/pico-sdk/src/rp2_common/hardware_irq/irq.c.o
                0x10000aec                irq_set_priority
 .text.irq_add_tail_to_free_list
                0x10000b14       0xb4 CMakeFiles/sub_pico.dir/usr/share/pico-sdk/src/rp2_common/hardware_irq/irq.c.o
                0x10000b14                irq_add_tail_to_free_list
 .text.user_irq_unclaim
                0x10000bc8       0x14 CMakeFiles/sub_pico.dir/usr/share/pico-sdk/src/rp2_common/hardware_irq/irq.c.o
                0x10000bc8                user_irq_unclaim
 .text.user_irq_claim_unused
                0x10000bdc       0x2c CMakeFiles/sub_pico.dir/usr/share/pico-sdk/src/rp2_common/hardware_irq/irq.c.o
                0x10000bdc                user_irq_claim_unused
 .text.sem_init
                0x10000c08       0x20 CMakeFiles/sub_pico.dir/usr/share/pico-sdk/src/common/pico_sync/sem.c.o
                0x10000c08                sem_init
 .text.lock_init
                0x10000c28       0x10 CMakeFiles/sub_pico.dir/usr/share/pico-sdk/src/common/pico_sync/lock_core.c.o
                0x10000c28                lock_init
 .text.runtime_init_mutex
                0x10000c38       0x50 CMakeFiles/sub_pico.dir/usr/share/pico-sdk/src/common/pico_sync/mutex.c.o
                0x10000c38                runtime_init_mutex
 .text.mutex_init
                0x10000c88       0x1c CMakeFiles/sub_pico.dir/usr/share/pico-sdk/src/common/pico_sync/mutex.c.o
                0x10000c88                mutex_init
 .text.recursive_mutex_init
                0x10000ca4       0x1c CMakeFiles/sub_pico.dir/usr/share/pico-sdk/src/common/pico_sync/mutex.c.o
                0x10000ca4                recursive_mutex_init
 .text.critical_section_init
                0x10000cc0       0x1c CMakeFiles/sub_pico.dir/usr/share/pico-sdk/src/common/pico_sync/critical_section.c.o
                0x10000cc0                critical_section_init
 .text.critical_section_init_with_lock_num
                0x10000cdc       0x14 CMakeFiles/sub_pico.dir/usr/share/pico-sdk/src/common/pico_sync/critical_section.c.o
                0x10000cdc                critical_section_init_with_lock_num
 .text.sleep_until_callback
                0x10000cf0       0x30 CMakeFiles/sub_pico.dir/usr/share/pico-sdk/src/common/pico_time/time.c.o
 .text.alarm_pool_irq_handler
                0x10000d20      0x2fc CMakeFiles/sub_pico.dir/usr/share/pico-sdk/src/common/pico_time/time.c.o
 .text.runtime_init_default_alarm_pool
                0x1000101c       0xdc CMakeFiles/sub_pico.dir/usr/share/pico-sdk/src/common/pico_time/time.c.o
                0x1000101c                runtime_init_default_alarm_pool
 .text.alarm_pool_get_default
                0x100010f8        0x8 CMakeFiles/sub_pico.dir/usr/share/pico-sdk/src/common/pico_time/time.c.o
                0x100010f8                alarm_pool_get_default
 .text.alarm_pool_create_on_timer_with_unused_hardware_alarm
                0x10001100       0xa8 CMakeFiles/sub_pico.dir/usr/share/pico-sdk/src/common/pico_time/time.c.o
                0x10001100                alarm_pool_create_on_timer_with_unused_hardware_alarm
 .text.alarm_pool_destroy
                0x100011a8       0x58 CMakeFiles/sub_pico.dir/usr/share/pico-sdk/src/common/pico_time/time.c.o
                0x100011a8                alarm_pool_destroy
 .text.alarm_pool_add_alarm_at
                0x10001200       0xd0 CMakeFiles/sub_pico.dir/usr/share/pico-sdk/src/common/pico_time/time.c.o
                0x10001200                alarm_pool_add_alarm_at
 .text.alarm_pool_add_alarm_at_force_in_context
                0x100012d0       0xb0 CMakeFiles/sub_pico.dir/usr/share/pico-sdk/src/common/pico_time/time.c.o
                0x100012d0                alarm_pool_add_alarm_at_force_in_context
 .text.alarm_pool_cancel_alarm
                0x10001380       0x74 CMakeFiles/sub_pico.dir/usr/share/pico-sdk/src/common/pico_time/time.c.o
                0x10001380                alarm_pool_cancel_alarm
 .text.alarm_pool_core_num
                0x100013f4        0x4 CMakeFiles/sub_pico.dir/usr/share/pico-sdk/src/common/pico_time/time.c.o
                0x100013f4                alarm_pool_core_num
 .text.sleep_until
                0x100013f8       0xd0 CMakeFiles/sub_pico.dir/usr/share/pico-sdk/src/common/pico_time/time.c.o
                0x100013f8                sleep_until
 .text.sleep_ms
                0x100014c8       0xfc CMakeFiles/sub_pico.dir/usr/share/pico-sdk/src/common/pico_time/time.c.o
                0x100014c8                sleep_ms
 .text.best_effort_wfe_or_timeout
                0x100015c4       0xec CMakeFiles/sub_pico.dir/usr/share/pico-sdk/src/common/pico_time/time.c.o
                0x100015c4                best_effort_wfe_or_timeout
 .text.alarm_pool_get_default_timer
                0x100016b0        0x8 CMakeFiles/sub_pico.dir/usr/share/pico-sdk/src/common/pico_time/time.c.o
                0x100016b0                alarm_pool_get_default_timer
 .text.timer_hardware_alarm_claim
                0x100016b8       0x14 CMakeFiles/sub_pico.dir/usr/share/pico-sdk/src/rp2_common/hardware_timer/timer.c.o
                0x100016b8                timer_hardware_alarm_claim
 .text.hardware_alarm_unclaim
                0x100016cc       0x14 CMakeFiles/sub_pico.dir/usr/share/pico-sdk/src/rp2_common/hardware_timer/timer.c.o
                0x100016cc                hardware_alarm_unclaim
 .text.timer_hardware_alarm_claim_unused
                0x100016e0       0x20 CMakeFiles/sub_pico.dir/usr/share/pico-sdk/src/rp2_common/hardware_timer/timer.c.o
                0x100016e0                timer_hardware_alarm_claim_unused
 .text.timer_time_us_64
                0x10001700       0x10 CMakeFiles/sub_pico.dir/usr/share/pico-sdk/src/rp2_common/hardware_timer/timer.c.o
                0x10001700                timer_time_us_64
 .text.time_us_64
                0x10001710       0x14 CMakeFiles/sub_pico.dir/usr/share/pico-sdk/src/rp2_common/hardware_timer/timer.c.o
                0x10001710                time_us_64
 .text.busy_wait_us
                0x10001724       0x68 CMakeFiles/sub_pico.dir/usr/share/pico-sdk/src/rp2_common/hardware_timer/timer.c.o
                0x10001724                busy_wait_us
 .text.busy_wait_until
                0x1000178c       0x20 CMakeFiles/sub_pico.dir/usr/share/pico-sdk/src/rp2_common/hardware_timer/timer.c.o
                0x1000178c                busy_wait_until
 .text.uart_init
                0x100017ac      0x120 CMakeFiles/sub_pico.dir/usr/share/pico-sdk/src/rp2_common/hardware_uart/uart.c.o
                0x100017ac                uart_init
 .text.clock_configure_int_divider
                0x100018cc       0xf4 CMakeFiles/sub_pico.dir/usr/share/pico-sdk/src/rp2_common/hardware_clocks/clocks.c.o
                0x100018cc                clock_configure_int_divider
 .text.clock_configure_undivided
                0x100019c0       0xe8 CMakeFiles/sub_pico.dir/usr/share/pico-sdk/src/rp2_common/hardware_clocks/clocks.c.o
                0x100019c0                clock_configure_undivided
 .text.clock_get_hz
                0x10001aa8        0xc CMakeFiles/sub_pico.dir/usr/share/pico-sdk/src/rp2_common/hardware_clocks/clocks.c.o
                0x10001aa8                clock_get_hz
 .text.pll_init
                0x10001ab4       0xa4 CMakeFiles/sub_pico.dir/usr/share/pico-sdk/src/rp2_common/hardware_pll/pll.c.o
                0x10001ab4                pll_init
 .text.watchdog_reboot
                0x10001b58       0x9c CMakeFiles/sub_pico.dir/usr/share/pico-sdk/src/rp2_common/hardware_watchdog/watchdog.c.o
                0x10001b58                watchdog_reboot
 .text.tick_start
                0x10001bf4       0x10 CMakeFiles/sub_pico.dir/usr/share/pico-sdk/src/rp2_common/hardware_ticks/ticks.c.o
                0x10001bf4                tick_start
 .text.rom_func_lookup
                0x10001c04       0x10 CMakeFiles/sub_pico.dir/usr/share/pico-sdk/src/rp2_common/pico_bootrom/bootrom.c.o
                0x10001c04                rom_func_lookup
 .text.rom_data_lookup
                0x10001c14       0x10 CMakeFiles/sub_pico.dir/usr/share/pico-sdk/src/rp2_common/pico_bootrom/bootrom.c.o
                0x10001c14                rom_data_lookup
 .text.rom_funcs_lookup
                0x10001c24       0x44 CMakeFiles/sub_pico.dir/usr/share/pico-sdk/src/rp2_common/pico_bootrom/bootrom.c.o
                0x10001c24                rom_funcs_lookup
 .text.rom_reset_usb_boot_extra
                0x10001c68       0x24 CMakeFiles/sub_pico.dir/usr/share/pico-sdk/src/rp2_common/pico_bootrom/bootrom.c.o
                0x10001c68                rom_reset_usb_boot_extra
 .text.xosc_init
                0x10001c8c       0x28 CMakeFiles/sub_pico.dir/usr/share/pico-sdk/src/rp2_common/hardware_xosc/xosc.c.o
                0x10001c8c                xosc_init
 .text.first_per_core_initializer
                0x10001cb4        0x4 CMakeFiles/sub_pico.dir/usr/share/pico-sdk/src/rp2_common/pico_runtime/runtime.c.o
 .text.hard_assertion_failure
                0x10001cb8        0xc CMakeFiles/sub_pico.dir/usr/share/pico-sdk/src/rp2_common/pico_runtime/runtime.c.o
                0x10001cb8                hard_assertion_failure
 .text.runtime_run_initializers
                0x10001cc4       0x28 CMakeFiles/sub_pico.dir/usr/share/pico-sdk/src/rp2_common/pico_runtime/runtime.c.o
                0x10001cc4                runtime_run_initializers
 .text.runtime_init_early_resets
                0x10001cec       0x2c CMakeFiles/sub_pico.dir/usr/share/pico-sdk/src/rp2_common/pico_runtime_init/runtime_init.c.o
                0x10001cec                runtime_init_early_resets
 .text.runtime_init_usb_power_down
                0x10001d18       0x1c CMakeFiles/sub_pico.dir/usr/share/pico-sdk/src/rp2_common/pico_runtime_init/runtime_init.c.o
                0x10001d18                runtime_init_usb_power_down
 .text.runtime_init_post_clock_resets
                0x10001d34       0x20 CMakeFiles/sub_pico.dir/usr/share/pico-sdk/src/rp2_common/pico_runtime_init/runtime_init.c.o
                0x10001d34                runtime_init_post_clock_resets
 .text.runtime_init_rp2040_gpio_ie_disable
                0x10001d54       0x14 CMakeFiles/sub_pico.dir/usr/share/pico-sdk/src/rp2_common/pico_runtime_init/runtime_init.c.o
                0x10001d54                runtime_init_rp2040_gpio_ie_disable
 .text.runtime_init_spin_locks_reset
                0x10001d68        0x8 CMakeFiles/sub_pico.dir/usr/share/pico-sdk/src/rp2_common/pico_runtime_init/runtime_init.c.o
                0x10001d68                runtime_init_spin_locks_reset
 .text.runtime_init_install_ram_vector_table
                0x10001d70       0x1c CMakeFiles/sub_pico.dir/usr/share/pico-sdk/src/rp2_common/pico_runtime_init/runtime_init.c.o
                0x10001d70                runtime_init_install_ram_vector_table
 .text.runtime_init_clocks
                0x10001d8c       0xd8 CMakeFiles/sub_pico.dir/usr/share/pico-sdk/src/rp2_common/pico_runtime_init/runtime_init_clocks.c.o
                0x10001d8c                runtime_init_clocks
 .text          0x10001e64       0x10 CMakeFiles/sub_pico.dir/usr/share/pico-sdk/src/rp2_common/pico_bit_ops/bit_ops_aeabi.S.o
 .text.ctzsi    0x10001e74        0xc CMakeFiles/sub_pico.dir/usr/share/pico-sdk/src/rp2_common/pico_bit_ops/bit_ops_aeabi.S.o
                0x10001e74                __wrap___ctzsi2
 .text.__wrap___aeabi_idiv
                0x10001e80       0x50 CMakeFiles/sub_pico.dir/usr/share/pico-sdk/src/rp2_common/pico_divider/divider_hardware.S.o
                0x10001e80                __wrap___aeabi_idivmod
                0x10001e80                divmod_s32s32
                0x10001e80                div_s32s32
                0x10001e80                __wrap___aeabi_idiv
                0x10001e88                divmod_s32s32_unsafe
                0x10001eb4                divmod_s32s32_savestate
 .text.__wrap___aeabi_uidiv
                0x10001ed0       0x4c CMakeFiles/sub_pico.dir/usr/share/pico-sdk/src/rp2_common/pico_divider/divider_hardware.S.o
                0x10001ed0                __wrap___aeabi_uidiv
                0x10001ed0                __wrap___aeabi_uidivmod
                0x10001ed0                div_u32u32
                0x10001ed0                divmod_u32u32
                0x10001ed8                divmod_u32u32_unsafe
                0x10001f00                divmod_u32u32_savestate
 .text.__wrap___aeabi_ldiv
                0x10001f1c      0x424 CMakeFiles/sub_pico.dir/usr/share/pico-sdk/src/rp2_common/pico_divider/divider_hardware.S.o
                0x10001f1c                div_s64s64
                0x10001f1c                divmod_s64s64
                0x10001f1c                __wrap___aeabi_ldivmod
                0x10001f4c                div_u64u64
                0x10001f4c                divmod_u64u64
                0x10001f4c                __wrap___aeabi_uldivmod
                0x10001f5c                divmod_u64u64_savestate
                0x10001f7c                divmod_s64s64_unsafe
                0x10002004                divmod_u64u64_unsafe
 .text.__wrap___aeabi_darithmetic
                0x10002340       0x60 CMakeFiles/sub_pico.dir/usr/share/pico-sdk/src/rp2_common/pico_double/double_aeabi_rp2040.S.o
                0x10002340                __wrap___aeabi_drsub
                0x10002346                __wrap___aeabi_dsub
                0x10002350                __wrap___aeabi_dadd
                0x1000235a                __wrap___aeabi_ddiv
                0x1000238e                __wrap___aeabi_dmul
 .text.__wrap___aeabi_cdcmple
                0x100023a0       0x6c CMakeFiles/sub_pico.dir/usr/share/pico-sdk/src/rp2_common/pico_double/double_aeabi_rp2040.S.o
                0x100023a0                __wrap___aeabi_cdrcmple
                0x100023b0                __wrap___aeabi_cdcmple
                0x100023b0                __wrap___aeabi_cdcmpeq
 .text.__wrap___aeabi_dcmplt
                0x1000240c        0xc CMakeFiles/sub_pico.dir/usr/share/pico-sdk/src/rp2_common/pico_double/double_aeabi_rp2040.S.o
                0x1000240c                __wrap___aeabi_dcmplt
 .text.__wrap___aeabi_dcmple
                0x10002418       0x10 CMakeFiles/sub_pico.dir/usr/share/pico-sdk/src/rp2_common/pico_double/double_aeabi_rp2040.S.o
                0x10002418                __wrap___aeabi_dcmple
 .text.__wrap___aeabi_dcmpge
                0x10002428       0x10 CMakeFiles/sub_pico.dir/usr/share/pico-sdk/src/rp2_common/pico_double/double_aeabi_rp2040.S.o
                0x10002428                __wrap___aeabi_dcmpge
 .text.__wrap___aeabi_dcmpgt
                0x10002438        0xa CMakeFiles/sub_pico.dir/usr/share/pico-sdk/src/rp2_common/pico_double/double_aeabi_rp2040.S.o
                0x10002438                __wrap___aeabi_dcmpgt
 .text.__wrap___aeabi_dcmpun
                0x10002442       0x18 CMakeFiles/sub_pico.dir/usr/share/pico-sdk/src/rp2_common/pico_double/double_aeabi_rp2040.S.o
                0x10002442                __wrap___aeabi_dcmpun
 *fill*         0x1000245a        0x2 
 .text.__wrap___aeabi_i2d
                0x1000245c       0x38 CMakeFiles/sub_pico.dir/usr/share/pico-sdk/src/rp2_common/pico_double/double_aeabi_rp2040.S.o
                0x1000245c                __wrap___aeabi_ui2d
                0x10002464                __wrap___aeabi_i2d
 .text.__wrap___aeabi_d2iz
                0x10002494       0x48 CMakeFiles/sub_pico.dir/usr/share/pico-sdk/src/rp2_common/pico_double/double_aeabi_rp2040.S.o
                0x10002494                __wrap___aeabi_d2iz
                0x10002494                double2int_z
 .text.__wrap___aeabi_d2uiz
                0x100024dc       0x10 CMakeFiles/sub_pico.dir/usr/share/pico-sdk/src/rp2_common/pico_double/double_aeabi_rp2040.S.o
                0x100024dc                double2uint
                0x100024dc                __wrap___aeabi_d2uiz
 .text.missing_double_func_shim
                0x100024ec        0xc CMakeFiles/sub_pico.dir/usr/share/pico-sdk/src/rp2_common/pico_double/double_init_rom_rp2040.c.o
 .text.__aeabi_double_init
                0x100024f8       0xa0 CMakeFiles/sub_pico.dir/usr/share/pico-sdk/src/rp2_common/pico_double/double_init_rom_rp2040.c.o
                0x100024f8                __aeabi_double_init
 .text.double_table_shim_on_use_helper
                0x10002598       0x2c CMakeFiles/sub_pico.dir/usr/share/pico-sdk/src/rp2_common/pico_double/double_v1_rom_shim_rp2040.S.o
                0x10002598                double_table_shim_on_use_helper
 .text.__aeabi_lmul
                0x100025c4       0x32 CMakeFiles/sub_pico.dir/usr/share/pico-sdk/src/rp2_common/pico_int64_ops/pico_int64_ops_aeabi.S.o
                0x100025c4                __wrap___aeabi_lmul
 *fill*         0x100025f6        0x2 
 .text.missing_float_func_shim
                0x100025f8        0xc CMakeFiles/sub_pico.dir/usr/share/pico-sdk/src/rp2_common/pico_float/float_init_rom_rp2040.c.o
 .text.__aeabi_float_init
                0x10002604       0x5c CMakeFiles/sub_pico.dir/usr/share/pico-sdk/src/rp2_common/pico_float/float_init_rom_rp2040.c.o
                0x10002604                __aeabi_float_init
 .text.__wrap_malloc
                0x10002660       0x3c CMakeFiles/sub_pico.dir/usr/share/pico-sdk/src/rp2_common/pico_malloc/malloc.c.o
                0x10002660                __wrap_malloc
 .text.__wrap_calloc
                0x1000269c       0x44 CMakeFiles/sub_pico.dir/usr/share/pico-sdk/src/rp2_common/pico_malloc/malloc.c.o
                0x1000269c                __wrap_calloc
 .text.__wrap_free
                0x100026e0       0x20 CMakeFiles/sub_pico.dir/usr/share/pico-sdk/src/rp2_common/pico_malloc/malloc.c.o
                0x100026e0                __wrap_free
 .text          0x10002700       0x10 CMakeFiles/sub_pico.dir/usr/share/pico-sdk/src/rp2_common/pico_mem_ops/mem_ops_aeabi.S.o
                0x10002700                __aeabi_mem_init
 .text.memset   0x10002710        0xc CMakeFiles/sub_pico.dir/usr/share/pico-sdk/src/rp2_common/pico_mem_ops/mem_ops_aeabi.S.o
                0x10002710                __wrap_memset
 .text.memcpy   0x1000271c        0xc CMakeFiles/sub_pico.dir/usr/share/pico-sdk/src/rp2_common/pico_mem_ops/mem_ops_aeabi.S.o
                0x1000271c                __wrap___aeabi_memcpy
                0x1000271c                __wrap_memcpy
 .text._out_null
                0x10002728        0x4 CMakeFiles/sub_pico.dir/usr/share/pico-sdk/src/rp2_common/pico_printf/printf.c.o
 .text._out_rev
                0x1000272c       0xac CMakeFiles/sub_pico.dir/usr/share/pico-sdk/src/rp2_common/pico_printf/printf.c.o
 .text._ntoa_format
                0x100027d8      0x1cc CMakeFiles/sub_pico.dir/usr/share/pico-sdk/src/rp2_common/pico_printf/printf.c.o
 .text._out_char
                0x100029a4       0x10 CMakeFiles/sub_pico.dir/usr/share/pico-sdk/src/rp2_common/pico_printf/printf.c.o
 .text._out_fct
                0x100029b4       0x10 CMakeFiles/sub_pico.dir/usr/share/pico-sdk/src/rp2_common/pico_printf/printf.c.o
 .text._ftoa    0x100029c4      0x4a8 CMakeFiles/sub_pico.dir/usr/share/pico-sdk/src/rp2_common/pico_printf/printf.c.o
 .text._etoa    0x10002e6c      0x57c CMakeFiles/sub_pico.dir/usr/share/pico-sdk/src/rp2_common/pico_printf/printf.c.o
 .text._vsnprintf
                0x100033e8      0xbe0 CMakeFiles/sub_pico.dir/usr/share/pico-sdk/src/rp2_common/pico_printf/printf.c.o
 .text.vfctprintf
                0x10003fc8       0x24 CMakeFiles/sub_pico.dir/usr/share/pico-sdk/src/rp2_common/pico_printf/printf.c.o
                0x10003fc8                vfctprintf
 .text.weak_raw_vprintf
                0x10003fec       0x30 CMakeFiles/sub_pico.dir/usr/share/pico-sdk/src/rp2_common/pico_printf/printf.c.o
                0x10003fec                weak_raw_vprintf
 .text._exit    0x1000401c        0x4 CMakeFiles/sub_pico.dir/usr/share/pico-sdk/src/rp2_common/pico_clib_interface/newlib_interface.c.o
                0x1000401c                _exit
 .text._sbrk    0x10004020       0x34 CMakeFiles/sub_pico.dir/usr/share/pico-sdk/src/rp2_common/pico_clib_interface/newlib_interface.c.o
                0x10004020                _sbrk
 .text.exit     0x10004054        0x8 CMakeFiles/sub_pico.dir/usr/share/pico-sdk/src/rp2_common/pico_clib_interface/newlib_interface.c.o
                0x10004054                exit
 .text.runtime_init
                0x1000405c       0x2c CMakeFiles/sub_pico.dir/usr/share/pico-sdk/src/rp2_common/pico_clib_interface/newlib_interface.c.o
                0x1000405c                runtime_init
 .text.stdio_out_chars_no_crlf
                0x10004088       0x10 CMakeFiles/sub_pico.dir/usr/share/pico-sdk/src/rp2_common/pico_stdio/stdio.c.o
 .text.stdio_out_chars_crlf
                0x10004098       0xb0 CMakeFiles/sub_pico.dir/usr/share/pico-sdk/src/rp2_common/pico_stdio/stdio.c.o
 .text.stdio_buffered_printer
                0x10004148       0x64 CMakeFiles/sub_pico.dir/usr/share/pico-sdk/src/rp2_common/pico_stdio/stdio.c.o
 .text.stdio_put_string
                0x100041ac       0xfc CMakeFiles/sub_pico.dir/usr/share/pico-sdk/src/rp2_common/pico_stdio/stdio.c.o
                0x100041ac                stdio_put_string
 .text.stdio_set_driver_enabled
                0x100042a8       0x30 CMakeFiles/sub_pico.dir/usr/share/pico-sdk/src/rp2_common/pico_stdio/stdio.c.o
                0x100042a8                stdio_set_driver_enabled
 .text.stdio_init_all
                0x100042d8       0x10 CMakeFiles/sub_pico.dir/usr/share/pico-sdk/src/rp2_common/pico_stdio/stdio.c.o
                0x100042d8                stdio_init_all
 .text.__wrap_putchar
                0x100042e8       0x94 CMakeFiles/sub_pico.dir/usr/share/pico-sdk/src/rp2_common/pico_stdio/stdio.c.o
                0x100042e8                stdio_putchar
                0x100042e8                __wrap_putchar
 .text.__wrap_puts
                0x1000437c       0x3c CMakeFiles/sub_pico.dir/usr/share/pico-sdk/src/rp2_common/pico_stdio/stdio.c.o
                0x1000437c                __wrap_puts
                0x1000437c                stdio_puts
 .text.__wrap_vprintf
                0x100043b8       0xcc CMakeFiles/sub_pico.dir/usr/share/pico-sdk/src/rp2_common/pico_stdio/stdio.c.o
                0x100043b8                __wrap_vprintf
                0x100043b8                stdio_vprintf
 .text.__wrap_printf
                0x10004484       0x18 CMakeFiles/sub_pico.dir/usr/share/pico-sdk/src/rp2_common/pico_stdio/stdio.c.o
                0x10004484                stdio_printf
                0x10004484                __wrap_printf
 .text.stdio_uart_out_chars
                0x1000449c       0x4c CMakeFiles/sub_pico.dir/usr/share/pico-sdk/src/rp2_common/pico_stdio_uart/stdio_uart.c.o
 .text.stdio_uart_in_chars
                0x100044e8       0x90 CMakeFiles/sub_pico.dir/usr/share/pico-sdk/src/rp2_common/pico_stdio_uart/stdio_uart.c.o
                0x100044e8                stdio_uart_in_chars
 .text.on_uart_rx
                0x10004578       0x28 CMakeFiles/sub_pico.dir/usr/share/pico-sdk/src/rp2_common/pico_stdio_uart/stdio_uart.c.o
 .text.stdio_uart_out_flush
                0x100045a0       0x14 CMakeFiles/sub_pico.dir/usr/share/pico-sdk/src/rp2_common/pico_stdio_uart/stdio_uart.c.o
 .text.stdio_uart_set_chars_available_callback
                0x100045b4       0x84 CMakeFiles/sub_pico.dir/usr/share/pico-sdk/src/rp2_common/pico_stdio_uart/stdio_uart.c.o
 .text.stdio_uart_init
                0x10004638       0x50 CMakeFiles/sub_pico.dir/usr/share/pico-sdk/src/rp2_common/pico_stdio_uart/stdio_uart.c.o
                0x10004638                stdio_uart_init
 .text.resetd_init
                0x10004688        0x4 CMakeFiles/sub_pico.dir/usr/share/pico-sdk/src/rp2_common/pico_stdio_usb/reset_interface.c.o
 .text.resetd_reset
                0x1000468c        0xc CMakeFiles/sub_pico.dir/usr/share/pico-sdk/src/rp2_common/pico_stdio_usb/reset_interface.c.o
 .text.resetd_open
                0x10004698       0x28 CMakeFiles/sub_pico.dir/usr/share/pico-sdk/src/rp2_common/pico_stdio_usb/reset_interface.c.o
 .text.resetd_xfer_cb
                0x100046c0        0x4 CMakeFiles/sub_pico.dir/usr/share/pico-sdk/src/rp2_common/pico_stdio_usb/reset_interface.c.o
 .text.resetd_control_xfer_cb
                0x100046c4       0x54 CMakeFiles/sub_pico.dir/usr/share/pico-sdk/src/rp2_common/pico_stdio_usb/reset_interface.c.o
 .text.tud_descriptor_bos_cb
                0x10004718        0x8 CMakeFiles/sub_pico.dir/usr/share/pico-sdk/src/rp2_common/pico_stdio_usb/reset_interface.c.o
                0x10004718                tud_descriptor_bos_cb
 .text.tud_vendor_control_xfer_cb
                0x10004720       0x34 CMakeFiles/sub_pico.dir/usr/share/pico-sdk/src/rp2_common/pico_stdio_usb/reset_interface.c.o
                0x10004720                tud_vendor_control_xfer_cb
 .text.usbd_app_driver_get_cb
                0x10004754        0xc CMakeFiles/sub_pico.dir/usr/share/pico-sdk/src/rp2_common/pico_stdio_usb/reset_interface.c.o
                0x10004754                usbd_app_driver_get_cb
 .text.tud_cdc_line_coding_cb
                0x10004760       0x2c CMakeFiles/sub_pico.dir/usr/share/pico-sdk/src/rp2_common/pico_stdio_usb/reset_interface.c.o
                0x10004760                tud_cdc_line_coding_cb
 .text.stdio_usb_set_chars_available_callback
                0x1000478c       0x14 CMakeFiles/sub_pico.dir/usr/share/pico-sdk/src/rp2_common/pico_stdio_usb/stdio_usb.c.o
                0x1000478c                stdio_usb_set_chars_available_callback
 .text.usb_irq  0x100047a0       0x10 CMakeFiles/sub_pico.dir/usr/share/pico-sdk/src/rp2_common/pico_stdio_usb/stdio_usb.c.o
 .text.timer_task
                0x100047b0       0x64 CMakeFiles/sub_pico.dir/usr/share/pico-sdk/src/rp2_common/pico_stdio_usb/stdio_usb.c.o
 .text.stdio_usb_in_chars
                0x10004814       0x8c CMakeFiles/sub_pico.dir/usr/share/pico-sdk/src/rp2_common/pico_stdio_usb/stdio_usb.c.o
                0x10004814                stdio_usb_in_chars
 .text.stdio_usb_out_flush
                0x100048a0       0x4c CMakeFiles/sub_pico.dir/usr/share/pico-sdk/src/rp2_common/pico_stdio_usb/stdio_usb.c.o
 .text.stdio_usb_out_chars
                0x100048ec      0x100 CMakeFiles/sub_pico.dir/usr/share/pico-sdk/src/rp2_common/pico_stdio_usb/stdio_usb.c.o
 .text.low_priority_worker_irq
                0x100049ec       0xc8 CMakeFiles/sub_pico.dir/usr/share/pico-sdk/src/rp2_common/pico_stdio_usb/stdio_usb.c.o
 .text.stdio_usb_init
                0x10004ab4       0xe4 CMakeFiles/sub_pico.dir/usr/share/pico-sdk/src/rp2_common/pico_stdio_usb/stdio_usb.c.o
                0x10004ab4                stdio_usb_init
 .text.tud_descriptor_device_cb
                0x10004b98        0x8 CMakeFiles/sub_pico.dir/usr/share/pico-sdk/src/rp2_common/pico_stdio_usb/stdio_usb_descriptors.c.o
                0x10004b98                tud_descriptor_device_cb
 .text.tud_descriptor_configuration_cb
                0x10004ba0        0x8 CMakeFiles/sub_pico.dir/usr/share/pico-sdk/src/rp2_common/pico_stdio_usb/stdio_usb_descriptors.c.o
                0x10004ba0                tud_descriptor_configuration_cb
 .text.tud_descriptor_string_cb
                0x10004ba8       0x78 CMakeFiles/sub_pico.dir/usr/share/pico-sdk/src/rp2_common/pico_stdio_usb/stdio_usb_descriptors.c.o
                0x10004ba8                tud_descriptor_string_cb
 .text.startup._retrieve_unique_id_on_boot
                0x10004c20       0x10 CMakeFiles/sub_pico.dir/usr/share/pico-sdk/src/rp2_common/pico_unique_id/unique_id.c.o
 .text.pico_get_unique_board_id
                0x10004c30       0x10 CMakeFiles/sub_pico.dir/usr/share/pico-sdk/src/rp2_common/pico_unique_id/unique_id.c.o
                0x10004c30                pico_get_unique_board_id
 .text.pico_get_unique_board_id_string
                0x10004c40      0x1a8 CMakeFiles/sub_pico.dir/usr/share/pico-sdk/src/rp2_common/pico_unique_id/unique_id.c.o
                0x10004c40                pico_get_unique_board_id_string
 .text.flash_get_unique_id
                0x10004de8       0x3c CMakeFiles/sub_pico.dir/usr/share/pico-sdk/src/rp2_common/hardware_flash/flash.c.o
                0x10004de8                flash_get_unique_id
 .text.dcd_init
                0x10004e24       0x8c CMakeFiles/sub_pico.dir/usr/share/pico-sdk/lib/tinyusb/src/portable/raspberrypi/rp2040/dcd_rp2040.c.o
                0x10004e24                dcd_init
 .text.dcd_int_enable
                0x10004eb0        0xc CMakeFiles/sub_pico.dir/usr/share/pico-sdk/lib/tinyusb/src/portable/raspberrypi/rp2040/dcd_rp2040.c.o
                0x10004eb0                dcd_int_enable
 .text.dcd_set_address
                0x10004ebc       0x14 CMakeFiles/sub_pico.dir/usr/share/pico-sdk/lib/tinyusb/src/portable/raspberrypi/rp2040/dcd_rp2040.c.o
                0x10004ebc                dcd_set_address
 .text.dcd_sof_enable
                0x10004ed0       0x1c CMakeFiles/sub_pico.dir/usr/share/pico-sdk/lib/tinyusb/src/portable/raspberrypi/rp2040/dcd_rp2040.c.o
                0x10004ed0                dcd_sof_enable
 .text.dcd_edpt0_status_complete
                0x10004eec       0x1c CMakeFiles/sub_pico.dir/usr/share/pico-sdk/lib/tinyusb/src/portable/raspberrypi/rp2040/dcd_rp2040.c.o
                0x10004eec                dcd_edpt0_status_complete
 .text.dcd_edpt_open
                0x10004f08      0x108 CMakeFiles/sub_pico.dir/usr/share/pico-sdk/lib/tinyusb/src/portable/raspberrypi/rp2040/dcd_rp2040.c.o
                0x10004f08                dcd_edpt_open
 .text.dcd_edpt_close_all
                0x10005010        0x8 CMakeFiles/sub_pico.dir/usr/share/pico-sdk/lib/tinyusb/src/portable/raspberrypi/rp2040/dcd_rp2040.c.o
                0x10005010                dcd_edpt_close_all
 .text.dcd_edpt_xfer
                0x10005018       0x24 CMakeFiles/sub_pico.dir/usr/share/pico-sdk/lib/tinyusb/src/portable/raspberrypi/rp2040/dcd_rp2040.c.o
                0x10005018                dcd_edpt_xfer
 .text.dcd_edpt_stall
                0x1000503c       0x3c CMakeFiles/sub_pico.dir/usr/share/pico-sdk/lib/tinyusb/src/portable/raspberrypi/rp2040/dcd_rp2040.c.o
                0x1000503c                dcd_edpt_stall
 .text.dcd_edpt_clear_stall
                0x10005078       0x30 CMakeFiles/sub_pico.dir/usr/share/pico-sdk/lib/tinyusb/src/portable/raspberrypi/rp2040/dcd_rp2040.c.o
                0x10005078                dcd_edpt_clear_stall
 .text.rp2040_usb_init
                0x100050a8       0x40 CMakeFiles/sub_pico.dir/usr/share/pico-sdk/lib/tinyusb/src/portable/raspberrypi/rp2040/rp2040_usb.c.o
                0x100050a8                rp2040_usb_init
 .text.hw_endpoint_xfer_start
                0x100050e8       0x40 CMakeFiles/sub_pico.dir/usr/share/pico-sdk/lib/tinyusb/src/portable/raspberrypi/rp2040/rp2040_usb.c.o
                0x100050e8                hw_endpoint_xfer_start
 .text.tud_event_hook_cb
                0x10005128        0x4 CMakeFiles/sub_pico.dir/usr/share/pico-sdk/lib/tinyusb/src/device/usbd.c.o
                0x10005128                tud_event_hook_cb
 .text.tud_sof_cb
                0x1000512c        0x4 CMakeFiles/sub_pico.dir/usr/share/pico-sdk/lib/tinyusb/src/device/usbd.c.o
                0x1000512c                tud_sof_cb
 .text.tud_descriptor_device_qualifier_cb
                0x10005130        0x4 CMakeFiles/sub_pico.dir/usr/share/pico-sdk/lib/tinyusb/src/device/usbd.c.o
                0x10005130                tud_descriptor_device_qualifier_cb
 .text.tud_descriptor_other_speed_configuration_cb
                0x10005134        0x4 CMakeFiles/sub_pico.dir/usr/share/pico-sdk/lib/tinyusb/src/device/usbd.c.o
                0x10005134                tud_descriptor_other_speed_configuration_cb
 .text.tud_mount_cb
                0x10005138        0x4 CMakeFiles/sub_pico.dir/usr/share/pico-sdk/lib/tinyusb/src/device/usbd.c.o
                0x10005138                tud_mount_cb
 .text.tud_umount_cb
                0x1000513c        0x4 CMakeFiles/sub_pico.dir/usr/share/pico-sdk/lib/tinyusb/src/device/usbd.c.o
                0x1000513c                tud_umount_cb
 .text.tud_suspend_cb
                0x10005140        0x4 CMakeFiles/sub_pico.dir/usr/share/pico-sdk/lib/tinyusb/src/device/usbd.c.o
                0x10005140                tud_suspend_cb
 .text.tud_resume_cb
                0x10005144        0x4 CMakeFiles/sub_pico.dir/usr/share/pico-sdk/lib/tinyusb/src/device/usbd.c.o
                0x10005144                tud_resume_cb
 .text.tud_mounted
                0x10005148       0x10 CMakeFiles/sub_pico.dir/usr/share/pico-sdk/lib/tinyusb/src/device/usbd.c.o
                0x10005148                tud_mounted
 .text.tud_suspended
                0x10005158       0x10 CMakeFiles/sub_pico.dir/usr/share/pico-sdk/lib/tinyusb/src/device/usbd.c.o
                0x10005158                tud_suspended
 .text.tud_init
                0x10005168       0xe0 CMakeFiles/sub_pico.dir/usr/share/pico-sdk/lib/tinyusb/src/device/usbd.c.o
                0x10005168                tud_init
 .text.tud_task_ext
                0x10005248      0x800 CMakeFiles/sub_pico.dir/usr/share/pico-sdk/lib/tinyusb/src/device/usbd.c.o
                0x10005248                tud_task_ext
 .text.usbd_open_edpt_pair
                0x10005a48       0x9c CMakeFiles/sub_pico.dir/usr/share/pico-sdk/lib/tinyusb/src/device/usbd.c.o
                0x10005a48                usbd_open_edpt_pair
 .text.usbd_edpt_open
                0x10005ae4       0x34 CMakeFiles/sub_pico.dir/usr/share/pico-sdk/lib/tinyusb/src/device/usbd.c.o
                0x10005ae4                usbd_edpt_open
 .text.usbd_edpt_claim
                0x10005b18       0x28 CMakeFiles/sub_pico.dir/usr/share/pico-sdk/lib/tinyusb/src/device/usbd.c.o
                0x10005b18                usbd_edpt_claim
 .text.usbd_edpt_release
                0x10005b40       0x28 CMakeFiles/sub_pico.dir/usr/share/pico-sdk/lib/tinyusb/src/device/usbd.c.o
                0x10005b40                usbd_edpt_release
 .text.usbd_edpt_xfer
                0x10005b68       0x4c CMakeFiles/sub_pico.dir/usr/share/pico-sdk/lib/tinyusb/src/device/usbd.c.o
                0x10005b68                usbd_edpt_xfer
 .text.tud_control_status
                0x10005bb4       0x2c CMakeFiles/sub_pico.dir/usr/share/pico-sdk/lib/tinyusb/src/device/usbd_control.c.o
                0x10005bb4                tud_control_status
 .text.tud_control_xfer
                0x10005be0       0xa8 CMakeFiles/sub_pico.dir/usr/share/pico-sdk/lib/tinyusb/src/device/usbd_control.c.o
                0x10005be0                tud_control_xfer
 .text.usbd_control_reset
                0x10005c88       0x14 CMakeFiles/sub_pico.dir/usr/share/pico-sdk/lib/tinyusb/src/device/usbd_control.c.o
                0x10005c88                usbd_control_reset
 .text.usbd_control_set_complete_callback
                0x10005c9c        0xc CMakeFiles/sub_pico.dir/usr/share/pico-sdk/lib/tinyusb/src/device/usbd_control.c.o
                0x10005c9c                usbd_control_set_complete_callback
 .text.usbd_control_set_request
                0x10005ca8       0x1c CMakeFiles/sub_pico.dir/usr/share/pico-sdk/lib/tinyusb/src/device/usbd_control.c.o
                0x10005ca8                usbd_control_set_request
 .text.usbd_control_xfer_cb
                0x10005cc4       0xec CMakeFiles/sub_pico.dir/usr/share/pico-sdk/lib/tinyusb/src/device/usbd_control.c.o
                0x10005cc4                usbd_control_xfer_cb
 .text._prep_out_transaction.isra.0
                0x10005db0       0x5c CMakeFiles/sub_pico.dir/usr/share/pico-sdk/lib/tinyusb/src/class/cdc/cdc_device.c.o
 .text.tud_cdc_n_connected
                0x10005e0c       0x30 CMakeFiles/sub_pico.dir/usr/share/pico-sdk/lib/tinyusb/src/class/cdc/cdc_device.c.o
                0x10005e0c                tud_cdc_n_connected
 .text.tud_cdc_n_available
                0x10005e3c       0x18 CMakeFiles/sub_pico.dir/usr/share/pico-sdk/lib/tinyusb/src/class/cdc/cdc_device.c.o
                0x10005e3c                tud_cdc_n_available
 .text.tud_cdc_n_read
                0x10005e54       0x9c CMakeFiles/sub_pico.dir/usr/share/pico-sdk/lib/tinyusb/src/class/cdc/cdc_device.c.o
                0x10005e54                tud_cdc_n_read
 .text.tud_cdc_n_write_flush
                0x10005ef0       0x78 CMakeFiles/sub_pico.dir/usr/share/pico-sdk/lib/tinyusb/src/class/cdc/cdc_device.c.o
                0x10005ef0                tud_cdc_n_write_flush
 .text.tud_cdc_n_write
                0x10005f68       0x40 CMakeFiles/sub_pico.dir/usr/share/pico-sdk/lib/tinyusb/src/class/cdc/cdc_device.c.o
                0x10005f68                tud_cdc_n_write
 .text.tud_cdc_n_write_available
                0x10005fa8       0x18 CMakeFiles/sub_pico.dir/usr/share/pico-sdk/lib/tinyusb/src/class/cdc/cdc_device.c.o
                0x10005fa8                tud_cdc_n_write_available
 .text.cdcd_init
                0x10005fc0       0x7c CMakeFiles/sub_pico.dir/usr/share/pico-sdk/lib/tinyusb/src/class/cdc/cdc_device.c.o
                0x10005fc0                cdcd_init
 .text.cdcd_deinit
                0x1000603c       0x30 CMakeFiles/sub_pico.dir/usr/share/pico-sdk/lib/tinyusb/src/class/cdc/cdc_device.c.o
                0x1000603c                cdcd_deinit
 .text.cdcd_reset
                0x1000606c       0x4c CMakeFiles/sub_pico.dir/usr/share/pico-sdk/lib/tinyusb/src/class/cdc/cdc_device.c.o
                0x1000606c                cdcd_reset
 .text.cdcd_open
                0x100060b8       0xb0 CMakeFiles/sub_pico.dir/usr/share/pico-sdk/lib/tinyusb/src/class/cdc/cdc_device.c.o
                0x100060b8                cdcd_open
 .text.cdcd_control_xfer_cb
                0x10006168       0xe4 CMakeFiles/sub_pico.dir/usr/share/pico-sdk/lib/tinyusb/src/class/cdc/cdc_device.c.o
                0x10006168                cdcd_control_xfer_cb
 .text.cdcd_xfer_cb
                0x1000624c      0x100 CMakeFiles/sub_pico.dir/usr/share/pico-sdk/lib/tinyusb/src/class/cdc/cdc_device.c.o
                0x1000624c                cdcd_xfer_cb
 .text.vendord_init
                0x1000634c       0x5c CMakeFiles/sub_pico.dir/usr/share/pico-sdk/lib/tinyusb/src/class/vendor/vendor_device.c.o
                0x1000634c                vendord_init
 .text.vendord_deinit
                0x100063a8       0x1c CMakeFiles/sub_pico.dir/usr/share/pico-sdk/lib/tinyusb/src/class/vendor/vendor_device.c.o
                0x100063a8                vendord_deinit
 .text.vendord_reset
                0x100063c4       0x20 CMakeFiles/sub_pico.dir/usr/share/pico-sdk/lib/tinyusb/src/class/vendor/vendor_device.c.o
                0x100063c4                vendord_reset
 .text.vendord_open
                0x100063e4      0x128 CMakeFiles/sub_pico.dir/usr/share/pico-sdk/lib/tinyusb/src/class/vendor/vendor_device.c.o
                0x100063e4                vendord_open
 .text.vendord_xfer_cb
                0x1000650c       0x9c CMakeFiles/sub_pico.dir/usr/share/pico-sdk/lib/tinyusb/src/class/vendor/vendor_device.c.o
                0x1000650c                vendord_xfer_cb
 .text.tusb_init
                0x100065a8        0xc CMakeFiles/sub_pico.dir/usr/share/pico-sdk/lib/tinyusb/src/tusb.c.o
                0x100065a8                tusb_init
 .text.tu_edpt_claim
                0x100065b4       0x50 CMakeFiles/sub_pico.dir/usr/share/pico-sdk/lib/tinyusb/src/tusb.c.o
                0x100065b4                tu_edpt_claim
 .text.tu_edpt_release
                0x10006604       0x38 CMakeFiles/sub_pico.dir/usr/share/pico-sdk/lib/tinyusb/src/tusb.c.o
                0x10006604                tu_edpt_release
 .text.tu_edpt_validate
                0x1000663c       0x7c CMakeFiles/sub_pico.dir/usr/share/pico-sdk/lib/tinyusb/src/tusb.c.o
                0x1000663c                tu_edpt_validate
 .text.tu_edpt_bind_driver
                0x100066b8       0x34 CMakeFiles/sub_pico.dir/usr/share/pico-sdk/lib/tinyusb/src/tusb.c.o
                0x100066b8                tu_edpt_bind_driver
 .text.tu_edpt_stream_init
                0x100066ec       0x6c CMakeFiles/sub_pico.dir/usr/share/pico-sdk/lib/tinyusb/src/tusb.c.o
                0x100066ec                tu_edpt_stream_init
 .text.tu_edpt_stream_deinit
                0x10006758        0x4 CMakeFiles/sub_pico.dir/usr/share/pico-sdk/lib/tinyusb/src/tusb.c.o
                0x10006758                tu_edpt_stream_deinit
 .text.tu_edpt_stream_write_zlp_if_needed
                0x1000675c       0x68 CMakeFiles/sub_pico.dir/usr/share/pico-sdk/lib/tinyusb/src/tusb.c.o
                0x1000675c                tu_edpt_stream_write_zlp_if_needed
 .text.tu_edpt_stream_write_xfer
                0x100067c4       0x68 CMakeFiles/sub_pico.dir/usr/share/pico-sdk/lib/tinyusb/src/tusb.c.o
                0x100067c4                tu_edpt_stream_write_xfer
 .text.tu_edpt_stream_read_xfer
                0x1000682c       0xd8 CMakeFiles/sub_pico.dir/usr/share/pico-sdk/lib/tinyusb/src/tusb.c.o
                0x1000682c                tu_edpt_stream_read_xfer
 .text.tu_fifo_config
                0x10006904       0x6c CMakeFiles/sub_pico.dir/usr/share/pico-sdk/lib/tinyusb/src/common/tusb_fifo.c.o
                0x10006904                tu_fifo_config
 .text.tu_fifo_count
                0x10006970       0x2c CMakeFiles/sub_pico.dir/usr/share/pico-sdk/lib/tinyusb/src/common/tusb_fifo.c.o
                0x10006970                tu_fifo_count
 .text.tu_fifo_empty
                0x1000699c       0x10 CMakeFiles/sub_pico.dir/usr/share/pico-sdk/lib/tinyusb/src/common/tusb_fifo.c.o
                0x1000699c                tu_fifo_empty
 .text.tu_fifo_remaining
                0x100069ac       0x2c CMakeFiles/sub_pico.dir/usr/share/pico-sdk/lib/tinyusb/src/common/tusb_fifo.c.o
                0x100069ac                tu_fifo_remaining
 .text.tu_fifo_read
                0x100069d8       0x9c CMakeFiles/sub_pico.dir/usr/share/pico-sdk/lib/tinyusb/src/common/tusb_fifo.c.o
                0x100069d8                tu_fifo_read
 .text.tu_fifo_read_n
                0x10006a74       0xe8 CMakeFiles/sub_pico.dir/usr/share/pico-sdk/lib/tinyusb/src/common/tusb_fifo.c.o
                0x10006a74                tu_fifo_read_n
 .text.tu_fifo_write
                0x10006b5c       0xa4 CMakeFiles/sub_pico.dir/usr/share/pico-sdk/lib/tinyusb/src/common/tusb_fifo.c.o
                0x10006b5c                tu_fifo_write
 .text.tu_fifo_write_n
                0x10006c00      0x178 CMakeFiles/sub_pico.dir/usr/share/pico-sdk/lib/tinyusb/src/common/tusb_fifo.c.o
                0x10006c00                tu_fifo_write_n
 .text.tu_fifo_clear
                0x10006d78       0x40 CMakeFiles/sub_pico.dir/usr/share/pico-sdk/lib/tinyusb/src/common/tusb_fifo.c.o
                0x10006d78                tu_fifo_clear
 .text.tu_fifo_set_overwritable
                0x10006db8       0x48 CMakeFiles/sub_pico.dir/usr/share/pico-sdk/lib/tinyusb/src/common/tusb_fifo.c.o
                0x10006db8                tu_fifo_set_overwritable
 .text.cyw43_arch_set_async_context
                0x10006e00        0xc CMakeFiles/sub_pico.dir/usr/share/pico-sdk/src/rp2_common/pico_cyw43_arch/cyw43_arch.c.o
                0x10006e00                cyw43_arch_set_async_context
 .text.cyw43_arch_enable_ap_mode
                0x10006e0c       0x7c CMakeFiles/sub_pico.dir/usr/share/pico-sdk/src/rp2_common/pico_cyw43_arch/cyw43_arch.c.o
                0x10006e0c                cyw43_arch_enable_ap_mode
 .text.cyw43_arch_async_context
                0x10006e88        0xc CMakeFiles/sub_pico.dir/usr/share/pico-sdk/src/rp2_common/pico_cyw43_arch/cyw43_arch.c.o
                0x10006e88                cyw43_arch_async_context
 .text.cyw43_arch_init
                0x10006e94       0x64 CMakeFiles/sub_pico.dir/usr/share/pico-sdk/src/rp2_common/pico_cyw43_arch/cyw43_arch_threadsafe_background.c.o
                0x10006e94                cyw43_arch_init
 .text.ns_delay.constprop.0
                0x10006ef8       0x20 CMakeFiles/sub_pico.dir/usr/share/pico-sdk/src/rp2_common/pico_cyw43_driver/cyw43_bus_pio_spi.c.o
 .text.cyw43_spi_deinit
                0x10006f18       0x6c CMakeFiles/sub_pico.dir/usr/share/pico-sdk/src/rp2_common/pico_cyw43_driver/cyw43_bus_pio_spi.c.o
                0x10006f18                cyw43_spi_deinit
 .text.cyw43_spi_init
                0x10006f84      0x128 CMakeFiles/sub_pico.dir/usr/share/pico-sdk/src/rp2_common/pico_cyw43_driver/cyw43_bus_pio_spi.c.o
                0x10006f84                cyw43_spi_init
 .text.cyw43_spi_transfer
                0x100070ac      0x430 CMakeFiles/sub_pico.dir/usr/share/pico-sdk/src/rp2_common/pico_cyw43_driver/cyw43_bus_pio_spi.c.o
                0x100070ac                cyw43_spi_transfer
 .text.cyw43_spi_gpio_setup
                0x100074dc       0x3c CMakeFiles/sub_pico.dir/usr/share/pico-sdk/src/rp2_common/pico_cyw43_driver/cyw43_bus_pio_spi.c.o
                0x100074dc                cyw43_spi_gpio_setup
 .text.cyw43_spi_reset
                0x10007518       0x28 CMakeFiles/sub_pico.dir/usr/share/pico-sdk/src/rp2_common/pico_cyw43_driver/cyw43_bus_pio_spi.c.o
                0x10007518                cyw43_spi_reset
 .text.read_reg_u32_swap
                0x10007540       0x44 CMakeFiles/sub_pico.dir/usr/share/pico-sdk/src/rp2_common/pico_cyw43_driver/cyw43_bus_pio_spi.c.o
                0x10007540                read_reg_u32_swap
 .text.cyw43_read_reg_u32
                0x10007584       0x58 CMakeFiles/sub_pico.dir/usr/share/pico-sdk/src/rp2_common/pico_cyw43_driver/cyw43_bus_pio_spi.c.o
                0x10007584                cyw43_read_reg_u32
 .text.cyw43_read_reg_u16
                0x100075dc       0x58 CMakeFiles/sub_pico.dir/usr/share/pico-sdk/src/rp2_common/pico_cyw43_driver/cyw43_bus_pio_spi.c.o
                0x100075dc                cyw43_read_reg_u16
 .text.cyw43_read_reg_u8
                0x10007634       0x58 CMakeFiles/sub_pico.dir/usr/share/pico-sdk/src/rp2_common/pico_cyw43_driver/cyw43_bus_pio_spi.c.o
                0x10007634                cyw43_read_reg_u8
 .text.write_reg_u32_swap
                0x1000768c      0x1fc CMakeFiles/sub_pico.dir/usr/share/pico-sdk/src/rp2_common/pico_cyw43_driver/cyw43_bus_pio_spi.c.o
                0x1000768c                write_reg_u32_swap
 .text.cyw43_write_reg_u32
                0x10007888      0x21c CMakeFiles/sub_pico.dir/usr/share/pico-sdk/src/rp2_common/pico_cyw43_driver/cyw43_bus_pio_spi.c.o
                0x10007888                cyw43_write_reg_u32
 .text.cyw43_write_reg_u16
                0x10007aa4      0x21c CMakeFiles/sub_pico.dir/usr/share/pico-sdk/src/rp2_common/pico_cyw43_driver/cyw43_bus_pio_spi.c.o
                0x10007aa4                cyw43_write_reg_u16
 .text.cyw43_write_reg_u8
                0x10007cc0      0x21c CMakeFiles/sub_pico.dir/usr/share/pico-sdk/src/rp2_common/pico_cyw43_driver/cyw43_bus_pio_spi.c.o
                0x10007cc0                cyw43_write_reg_u8
 .text.cyw43_read_bytes
                0x10007edc       0x78 CMakeFiles/sub_pico.dir/usr/share/pico-sdk/src/rp2_common/pico_cyw43_driver/cyw43_bus_pio_spi.c.o
                0x10007edc                cyw43_read_bytes
 .text.cyw43_write_bytes
                0x10007f54       0xd4 CMakeFiles/sub_pico.dir/usr/share/pico-sdk/src/rp2_common/pico_cyw43_driver/cyw43_bus_pio_spi.c.o
                0x10007f54                cyw43_write_bytes
 .text.cyw43_set_backplane_window
                0x10008028       0x68 CMakeFiles/sub_pico.dir/usr/share/pico-sdk/lib/cyw43-driver/src/cyw43_ll.c.o
 .text.cyw43_ll_parse_async_event
                0x10008090      0x138 CMakeFiles/sub_pico.dir/usr/share/pico-sdk/lib/cyw43-driver/src/cyw43_ll.c.o
 .text.cyw43_kso_set
                0x100081c8       0x80 CMakeFiles/sub_pico.dir/usr/share/pico-sdk/lib/cyw43-driver/src/cyw43_ll.c.o
 .text.cyw43_ll_sdpcm_poll_device
                0x10008248      0x238 CMakeFiles/sub_pico.dir/usr/share/pico-sdk/lib/cyw43-driver/src/cyw43_ll.c.o
 .text.cyw43_sdpcm_send_common
                0x10008480       0xfc CMakeFiles/sub_pico.dir/usr/share/pico-sdk/lib/cyw43-driver/src/cyw43_ll.c.o
 .text.cyw43_do_ioctl.part.0
                0x1000857c       0xc4 CMakeFiles/sub_pico.dir/usr/share/pico-sdk/lib/cyw43-driver/src/cyw43_ll.c.o
 .text.cyw43_write_iovar_u32.constprop.0
                0x10008640       0x98 CMakeFiles/sub_pico.dir/usr/share/pico-sdk/lib/cyw43-driver/src/cyw43_ll.c.o
 .text.cyw43_write_iovar_n
                0x100086d8       0x8c CMakeFiles/sub_pico.dir/usr/share/pico-sdk/lib/cyw43-driver/src/cyw43_ll.c.o
 .text.cyw43_write_iovar_u32_u32.constprop.0
                0x10008764       0xac CMakeFiles/sub_pico.dir/usr/share/pico-sdk/lib/cyw43-driver/src/cyw43_ll.c.o
 .text.cyw43_read_backplane.constprop.0
                0x10008810       0xe4 CMakeFiles/sub_pico.dir/usr/share/pico-sdk/lib/cyw43-driver/src/cyw43_ll.c.o
 .text.cyw43_write_backplane
                0x100088f4      0x10c CMakeFiles/sub_pico.dir/usr/share/pico-sdk/lib/cyw43-driver/src/cyw43_ll.c.o
 .text.reset_device_core.constprop.0
                0x10008a00      0x410 CMakeFiles/sub_pico.dir/usr/share/pico-sdk/lib/cyw43-driver/src/cyw43_ll.c.o
 .text.cyw43_ll_init
                0x10008e10       0x1c CMakeFiles/sub_pico.dir/usr/share/pico-sdk/lib/cyw43-driver/src/cyw43_ll.c.o
                0x10008e10                cyw43_ll_init
 .text.cyw43_ll_deinit
                0x10008e2c        0x8 CMakeFiles/sub_pico.dir/usr/share/pico-sdk/lib/cyw43-driver/src/cyw43_ll.c.o
                0x10008e2c                cyw43_ll_deinit
 .text.cyw43_ll_process_packets
                0x10008e34       0x54 CMakeFiles/sub_pico.dir/usr/share/pico-sdk/lib/cyw43-driver/src/cyw43_ll.c.o
                0x10008e34                cyw43_ll_process_packets
 .text.cyw43_ll_ioctl
                0x10008e88       0x80 CMakeFiles/sub_pico.dir/usr/share/pico-sdk/lib/cyw43-driver/src/cyw43_ll.c.o
                0x10008e88                cyw43_ll_ioctl
 .text.cyw43_ll_bus_sleep
                0x10008f08       0x34 CMakeFiles/sub_pico.dir/usr/share/pico-sdk/lib/cyw43-driver/src/cyw43_ll.c.o
                0x10008f08                cyw43_ll_bus_sleep
 .text.cyw43_ll_wifi_on
                0x10008f3c      0x1f8 CMakeFiles/sub_pico.dir/usr/share/pico-sdk/lib/cyw43-driver/src/cyw43_ll.c.o
                0x10008f3c                cyw43_ll_wifi_on
 .text.cyw43_ll_wifi_get_mac
                0x10009134       0x78 CMakeFiles/sub_pico.dir/usr/share/pico-sdk/lib/cyw43-driver/src/cyw43_ll.c.o
                0x10009134                cyw43_ll_wifi_get_mac
 .text.cyw43_ll_bus_init
                0x100091ac      0x8d8 CMakeFiles/sub_pico.dir/usr/share/pico-sdk/lib/cyw43-driver/src/cyw43_ll.c.o
                0x100091ac                cyw43_ll_bus_init
 .text.cyw43_ll_wifi_pm
                0x10009a84      0x11c CMakeFiles/sub_pico.dir/usr/share/pico-sdk/lib/cyw43-driver/src/cyw43_ll.c.o
                0x10009a84                cyw43_ll_wifi_pm
 .text.cyw43_ll_wifi_set_wpa_auth
                0x10009ba0       0x4c CMakeFiles/sub_pico.dir/usr/share/pico-sdk/lib/cyw43-driver/src/cyw43_ll.c.o
                0x10009ba0                cyw43_ll_wifi_set_wpa_auth
 .text.cyw43_ll_wifi_rejoin
                0x10009bec       0x58 CMakeFiles/sub_pico.dir/usr/share/pico-sdk/lib/cyw43-driver/src/cyw43_ll.c.o
                0x10009bec                cyw43_ll_wifi_rejoin
 .text.cyw43_ll_wifi_ap_init
                0x10009c44      0x4dc CMakeFiles/sub_pico.dir/usr/share/pico-sdk/lib/cyw43-driver/src/cyw43_ll.c.o
                0x10009c44                cyw43_ll_wifi_ap_init
 .text.cyw43_ll_wifi_ap_set_up
                0x1000a120       0x74 CMakeFiles/sub_pico.dir/usr/share/pico-sdk/lib/cyw43-driver/src/cyw43_ll.c.o
                0x1000a120                cyw43_ll_wifi_ap_set_up
 .text.cyw43_ll_has_work
                0x1000a194       0x14 CMakeFiles/sub_pico.dir/usr/share/pico-sdk/lib/cyw43-driver/src/cyw43_ll.c.o
                0x1000a194                cyw43_ll_has_work
 .text.cyw43_poll_func
                0x1000a1a8       0xc0 CMakeFiles/sub_pico.dir/usr/share/pico-sdk/lib/cyw43-driver/src/cyw43_ctrl.c.o
 .text.cyw43_init
                0x1000a268       0x6c CMakeFiles/sub_pico.dir/usr/share/pico-sdk/lib/cyw43-driver/src/cyw43_ctrl.c.o
                0x1000a268                cyw43_init
 .text.cyw43_deinit
                0x1000a2d4       0x90 CMakeFiles/sub_pico.dir/usr/share/pico-sdk/lib/cyw43-driver/src/cyw43_ctrl.c.o
                0x1000a2d4                cyw43_deinit
 .text.cyw43_cb_read_host_interrupt_pin
                0x1000a364        0xc CMakeFiles/sub_pico.dir/usr/share/pico-sdk/lib/cyw43-driver/src/cyw43_ctrl.c.o
                0x1000a364                cyw43_cb_read_host_interrupt_pin
 .text.cyw43_cb_ensure_awake
                0x1000a370        0xc CMakeFiles/sub_pico.dir/usr/share/pico-sdk/lib/cyw43-driver/src/cyw43_ctrl.c.o
                0x1000a370                cyw43_cb_ensure_awake
 .text.cyw43_cb_process_async_event
                0x1000a37c      0x214 CMakeFiles/sub_pico.dir/usr/share/pico-sdk/lib/cyw43-driver/src/cyw43_ctrl.c.o
                0x1000a37c                cyw43_cb_process_async_event
 .text.cyw43_wifi_set_up
                0x1000a590      0x348 CMakeFiles/sub_pico.dir/usr/share/pico-sdk/lib/cyw43-driver/src/cyw43_ctrl.c.o
                0x1000a590                cyw43_wifi_set_up
 .text.pio_sm_set_pindirs_with_mask64
                0x1000a8d8       0xac CMakeFiles/sub_pico.dir/usr/share/pico-sdk/src/rp2_common/hardware_pio/pio.c.o
                0x1000a8d8                pio_sm_set_pindirs_with_mask64
 .text.pio_sm_set_consecutive_pindirs
                0x1000a984       0xb4 CMakeFiles/sub_pico.dir/usr/share/pico-sdk/src/rp2_common/hardware_pio/pio.c.o
                0x1000a984                pio_sm_set_consecutive_pindirs
 .text.pio_claim_free_sm_and_add_program_for_gpio_range
                0x1000aa38      0x184 CMakeFiles/sub_pico.dir/usr/share/pico-sdk/src/rp2_common/hardware_pio/pio.c.o
                0x1000aa38                pio_claim_free_sm_and_add_program_for_gpio_range
 .text.pio_remove_program_and_unclaim_sm
                0x1000abbc       0x40 CMakeFiles/sub_pico.dir/usr/share/pico-sdk/src/rp2_common/hardware_pio/pio.c.o
                0x1000abbc                pio_remove_program_and_unclaim_sm
 .text.dma_channel_unclaim
                0x1000abfc       0x14 CMakeFiles/sub_pico.dir/usr/share/pico-sdk/src/rp2_common/hardware_dma/dma.c.o
                0x1000abfc                dma_channel_unclaim
 .text.dma_claim_unused_channel
                0x1000ac10       0x24 CMakeFiles/sub_pico.dir/usr/share/pico-sdk/src/rp2_common/hardware_dma/dma.c.o
                0x1000ac10                dma_claim_unused_channel
 .text.dma_channel_cleanup
                0x1000ac34       0x64 CMakeFiles/sub_pico.dir/usr/share/pico-sdk/src/rp2_common/hardware_dma/dma.c.o
                0x1000ac34                dma_channel_cleanup
 .text.cyw43_sleep_timeout_reached
                0x1000ac98       0x10 CMakeFiles/sub_pico.dir/usr/share/pico-sdk/src/rp2_common/pico_cyw43_driver/cyw43_driver.c.o
 .text.cyw43_irq_init
                0x1000aca8       0x28 CMakeFiles/sub_pico.dir/usr/share/pico-sdk/src/rp2_common/pico_cyw43_driver/cyw43_driver.c.o
                0x1000aca8                cyw43_irq_init
 .text.cyw43_irq_deinit
                0x1000acd0       0x20 CMakeFiles/sub_pico.dir/usr/share/pico-sdk/src/rp2_common/pico_cyw43_driver/cyw43_driver.c.o
                0x1000acd0                cyw43_irq_deinit
 .text.cyw43_gpio_irq_handler
                0x1000acf0       0x44 CMakeFiles/sub_pico.dir/usr/share/pico-sdk/src/rp2_common/pico_cyw43_driver/cyw43_driver.c.o
 .text.cyw43_do_poll
                0x1000ad34       0x6c CMakeFiles/sub_pico.dir/usr/share/pico-sdk/src/rp2_common/pico_cyw43_driver/cyw43_driver.c.o
 .text.cyw43_post_poll_hook
                0x1000ada0       0x10 CMakeFiles/sub_pico.dir/usr/share/pico-sdk/src/rp2_common/pico_cyw43_driver/cyw43_driver.c.o
                0x1000ada0                cyw43_post_poll_hook
 .text.cyw43_schedule_internal_poll_dispatch
                0x1000adb0       0x18 CMakeFiles/sub_pico.dir/usr/share/pico-sdk/src/rp2_common/pico_cyw43_driver/cyw43_driver.c.o
                0x1000adb0                cyw43_schedule_internal_poll_dispatch
 .text.cyw43_driver_init
                0x1000adc8       0x38 CMakeFiles/sub_pico.dir/usr/share/pico-sdk/src/rp2_common/pico_cyw43_driver/cyw43_driver.c.o
                0x1000adc8                cyw43_driver_init
 .text.cyw43_driver_deinit
                0x1000ae00       0x44 CMakeFiles/sub_pico.dir/usr/share/pico-sdk/src/rp2_common/pico_cyw43_driver/cyw43_driver.c.o
                0x1000ae00                cyw43_driver_deinit
 .text.cyw43_hal_generate_laa_mac
                0x1000ae44       0x28 CMakeFiles/sub_pico.dir/usr/share/pico-sdk/src/rp2_common/pico_cyw43_driver/cyw43_driver.c.o
                0x1000ae44                cyw43_hal_generate_laa_mac
 .text.cyw43_thread_enter
                0x1000ae6c       0x14 CMakeFiles/sub_pico.dir/usr/share/pico-sdk/src/rp2_common/pico_cyw43_driver/cyw43_driver.c.o
                0x1000ae6c                cyw43_thread_enter
 .text.cyw43_thread_exit
                0x1000ae80       0x14 CMakeFiles/sub_pico.dir/usr/share/pico-sdk/src/rp2_common/pico_cyw43_driver/cyw43_driver.c.o
                0x1000ae80                cyw43_thread_exit
 .text.cyw43_await_background_or_timeout_us
                0x1000ae94       0x5c CMakeFiles/sub_pico.dir/usr/share/pico-sdk/src/rp2_common/pico_cyw43_driver/cyw43_driver.c.o
                0x1000ae94                cyw43_await_background_or_timeout_us
 .text.cyw43_delay_ms
                0x1000aef0       0x44 CMakeFiles/sub_pico.dir/usr/share/pico-sdk/src/rp2_common/pico_cyw43_driver/cyw43_driver.c.o
                0x1000aef0                cyw43_delay_ms
 .text.cyw43_delay_us
                0x1000af34       0x30 CMakeFiles/sub_pico.dir/usr/share/pico-sdk/src/rp2_common/pico_cyw43_driver/cyw43_driver.c.o
                0x1000af34                cyw43_delay_us
 .text.cyw43_cb_tcpip_init
                0x1000af64        0x4 CMakeFiles/sub_pico.dir/usr/share/pico-sdk/src/rp2_common/pico_cyw43_driver/cyw43_driver.c.o
                0x1000af64                cyw43_cb_tcpip_init
 .text.cyw43_cb_tcpip_deinit
                0x1000af68        0x4 CMakeFiles/sub_pico.dir/usr/share/pico-sdk/src/rp2_common/pico_cyw43_driver/cyw43_driver.c.o
                0x1000af68                cyw43_cb_tcpip_deinit
 .text.cyw43_cb_tcpip_set_link_up
                0x1000af6c        0xc CMakeFiles/sub_pico.dir/usr/share/pico-sdk/src/rp2_common/pico_cyw43_driver/cyw43_driver.c.o
                0x1000af6c                cyw43_cb_tcpip_set_link_up
 .text.cyw43_cb_tcpip_set_link_down
                0x1000af78        0xc CMakeFiles/sub_pico.dir/usr/share/pico-sdk/src/rp2_common/pico_cyw43_driver/cyw43_driver.c.o
                0x1000af78                cyw43_cb_tcpip_set_link_down
 .text.cyw43_cb_process_ethernet
                0x1000af84        0xc CMakeFiles/sub_pico.dir/usr/share/pico-sdk/src/rp2_common/pico_cyw43_driver/cyw43_driver.c.o
                0x1000af84                cyw43_cb_process_ethernet
 .text.handle_sync_func_call
                0x1000af90       0x24 CMakeFiles/sub_pico.dir/usr/share/pico-sdk/src/rp2_common/pico_async_context/async_context_threadsafe_background.c.o
 .text.async_context_threadsafe_background_acquire_lock_blocking
                0x1000afb4        0xc CMakeFiles/sub_pico.dir/usr/share/pico-sdk/src/rp2_common/pico_async_context/async_context_threadsafe_background.c.o
 .text.process_under_lock
                0x1000afc0       0xcc CMakeFiles/sub_pico.dir/usr/share/pico-sdk/src/rp2_common/pico_async_context/async_context_threadsafe_background.c.o
 .text.async_context_threadsafe_background_deinit
                0x1000b08c       0x64 CMakeFiles/sub_pico.dir/usr/share/pico-sdk/src/rp2_common/pico_async_context/async_context_threadsafe_background.c.o
 .text.low_priority_irq_handler
                0x1000b0f0       0x3c CMakeFiles/sub_pico.dir/usr/share/pico-sdk/src/rp2_common/pico_async_context/async_context_threadsafe_background.c.o
 .text.async_context_threadsafe_background_wait_for_work_until
                0x1000b12c        0xc CMakeFiles/sub_pico.dir/usr/share/pico-sdk/src/rp2_common/pico_async_context/async_context_threadsafe_background.c.o
 .text.async_context_threadsafe_background_wait_until
                0x1000b138       0x1c CMakeFiles/sub_pico.dir/usr/share/pico-sdk/src/rp2_common/pico_async_context/async_context_threadsafe_background.c.o
 .text.async_context_threadsafe_background_execute_sync
                0x1000b154       0xf0 CMakeFiles/sub_pico.dir/usr/share/pico-sdk/src/rp2_common/pico_async_context/async_context_threadsafe_background.c.o
                0x1000b154                async_context_threadsafe_background_execute_sync
 .text.async_context_threadsafe_background_lock_check
                0x1000b244       0x28 CMakeFiles/sub_pico.dir/usr/share/pico-sdk/src/rp2_common/pico_async_context/async_context_threadsafe_background.c.o
 .text.async_context_threadsafe_background_set_work_pending
                0x1000b26c       0x50 CMakeFiles/sub_pico.dir/usr/share/pico-sdk/src/rp2_common/pico_async_context/async_context_threadsafe_background.c.o
 .text.alarm_handler
                0x1000b2bc       0x58 CMakeFiles/sub_pico.dir/usr/share/pico-sdk/src/rp2_common/pico_async_context/async_context_threadsafe_background.c.o
 .text.async_context_threadsafe_background_release_lock
                0x1000b314       0x7c CMakeFiles/sub_pico.dir/usr/share/pico-sdk/src/rp2_common/pico_async_context/async_context_threadsafe_background.c.o
 .text.async_context_threadsafe_background_add_at_time_worker
                0x1000b390       0x90 CMakeFiles/sub_pico.dir/usr/share/pico-sdk/src/rp2_common/pico_async_context/async_context_threadsafe_background.c.o
 .text.async_context_threadsafe_background_when_pending_worker
                0x1000b420       0x90 CMakeFiles/sub_pico.dir/usr/share/pico-sdk/src/rp2_common/pico_async_context/async_context_threadsafe_background.c.o
 .text.async_context_threadsafe_background_add_when_pending_worker
                0x1000b4b0       0x90 CMakeFiles/sub_pico.dir/usr/share/pico-sdk/src/rp2_common/pico_async_context/async_context_threadsafe_background.c.o
 .text.async_context_threadsafe_background_remove_at_time_worker
                0x1000b540       0x90 CMakeFiles/sub_pico.dir/usr/share/pico-sdk/src/rp2_common/pico_async_context/async_context_threadsafe_background.c.o
 .text.async_context_threadsafe_background_default_config
                0x1000b5d0        0xc CMakeFiles/sub_pico.dir/usr/share/pico-sdk/src/rp2_common/pico_async_context/async_context_threadsafe_background.c.o
                0x1000b5d0                async_context_threadsafe_background_default_config
 .text.async_context_threadsafe_background_init
                0x1000b5dc       0xa8 CMakeFiles/sub_pico.dir/usr/share/pico-sdk/src/rp2_common/pico_async_context/async_context_threadsafe_background.c.o
                0x1000b5dc                async_context_threadsafe_background_init
 .text.async_context_base_add_at_time_worker
                0x1000b684       0x28 CMakeFiles/sub_pico.dir/usr/share/pico-sdk/src/rp2_common/pico_async_context/async_context_base.c.o
                0x1000b684                async_context_base_add_at_time_worker
 .text.async_context_base_remove_at_time_worker
                0x1000b6ac       0x24 CMakeFiles/sub_pico.dir/usr/share/pico-sdk/src/rp2_common/pico_async_context/async_context_base.c.o
                0x1000b6ac                async_context_base_remove_at_time_worker
 .text.async_context_base_add_when_pending_worker
                0x1000b6d0       0x24 CMakeFiles/sub_pico.dir/usr/share/pico-sdk/src/rp2_common/pico_async_context/async_context_base.c.o
                0x1000b6d0                async_context_base_add_when_pending_worker
 .text.async_context_base_remove_when_pending_worker
                0x1000b6f4       0x24 CMakeFiles/sub_pico.dir/usr/share/pico-sdk/src/rp2_common/pico_async_context/async_context_base.c.o
                0x1000b6f4                async_context_base_remove_when_pending_worker
 .text.async_context_base_execute_once
                0x1000b718      0x108 CMakeFiles/sub_pico.dir/usr/share/pico-sdk/src/rp2_common/pico_async_context/async_context_base.c.o
                0x1000b718                async_context_base_execute_once
 .text.async_context_base_needs_servicing
                0x1000b820       0x54 CMakeFiles/sub_pico.dir/usr/share/pico-sdk/src/rp2_common/pico_async_context/async_context_base.c.o
                0x1000b820                async_context_base_needs_servicing
 .text.atexit   0x1000b874       0x10 /usr/lib/gcc/arm-none-eabi/14.2.0/../../../../arm-none-eabi/lib/thumb/v6-m/nofp/libg.a(libc_a-atexit.o)
                0x1000b874                atexit
 .text.calloc   0x1000b884       0x18 /usr/lib/gcc/arm-none-eabi/14.2.0/../../../../arm-none-eabi/lib/thumb/v6-m/nofp/libg.a(libc_a-calloc.o)
                0x1000b884                calloc
 .text._calloc_r
                0x1000b89c       0xa8 /usr/lib/gcc/arm-none-eabi/14.2.0/../../../../arm-none-eabi/lib/thumb/v6-m/nofp/libg.a(libc_a-callocr.o)
                0x1000b89c                _calloc_r
 .text.malloc   0x1000b944       0x14 /usr/lib/gcc/arm-none-eabi/14.2.0/../../../../arm-none-eabi/lib/thumb/v6-m/nofp/libg.a(libc_a-malloc.o)
                0x1000b944                malloc
 .text.free     0x1000b958       0x14 /usr/lib/gcc/arm-none-eabi/14.2.0/../../../../arm-none-eabi/lib/thumb/v6-m/nofp/libg.a(libc_a-malloc.o)
                0x1000b958                free
 .text._malloc_r
                0x1000b96c      0x5d0 /usr/lib/gcc/arm-none-eabi/14.2.0/../../../../arm-none-eabi/lib/thumb/v6-m/nofp/libg.a(libc_a-mallocr.o)
                0x1000b96c                _malloc_r
 .text.__malloc_lock
                0x1000bf3c       0x10 /usr/lib/gcc/arm-none-eabi/14.2.0/../../../../arm-none-eabi/lib/thumb/v6-m/nofp/libg.a(libc_a-mlock.o)
                0x1000bf3c                __malloc_lock
 .text.__malloc_unlock
                0x1000bf4c       0x10 /usr/lib/gcc/arm-none-eabi/14.2.0/../../../../arm-none-eabi/lib/thumb/v6-m/nofp/libg.a(libc_a-mlock.o)
                0x1000bf4c                __malloc_unlock
 .text.memmove  0x1000bf5c       0xc4 /usr/lib/gcc/arm-none-eabi/14.2.0/../../../../arm-none-eabi/lib/thumb/v6-m/nofp/libg.a(libc_a-memmove.o)
                0x1000bf5c                memmove
 .text.strncmp  0x1000c020       0x68 /usr/lib/gcc/arm-none-eabi/14.2.0/../../../../arm-none-eabi/lib/thumb/v6-m/nofp/libg.a(libc_a-strncmp.o)
                0x1000c020                strncmp
 .text._sbrk_r  0x1000c088       0x24 /usr/lib/gcc/arm-none-eabi/14.2.0/../../../../arm-none-eabi/lib/thumb/v6-m/nofp/libg.a(libc_a-sbrkr.o)
                0x1000c088                _sbrk_r
 .text.__errno  0x1000c0ac        0xc /usr/lib/gcc/arm-none-eabi/14.2.0/../../../../arm-none-eabi/lib/thumb/v6-m/nofp/libg.a(libc_a-errno.o)
                0x1000c0ac                __errno
 .text.__libc_fini_array
                0x1000c0b8       0x28 /usr/lib/gcc/arm-none-eabi/14.2.0/../../../../arm-none-eabi/lib/thumb/v6-m/nofp/libg.a(libc_a-fini.o)
                0x1000c0b8                __libc_fini_array
 .text.__retarget_lock_acquire_recursive
                0x1000c0e0        0x4 /usr/lib/gcc/arm-none-eabi/14.2.0/../../../../arm-none-eabi/lib/thumb/v6-m/nofp/libg.a(libc_a-lock.o)
                0x1000c0e0                __retarget_lock_acquire_recursive
 .text.__retarget_lock_release_recursive
                0x1000c0e4        0x4 /usr/lib/gcc/arm-none-eabi/14.2.0/../../../../arm-none-eabi/lib/thumb/v6-m/nofp/libg.a(libc_a-lock.o)
                0x1000c0e4                __retarget_lock_release_recursive
 .text.sysconf  0x1000c0e8       0x1c /usr/lib/gcc/arm-none-eabi/14.2.0/../../../../arm-none-eabi/lib/thumb/v6-m/nofp/libg.a(libc_a-sysconf.o)
                0x1000c0e8                sysconf
 .text.strlen   0x1000c104       0x5c /usr/lib/gcc/arm-none-eabi/14.2.0/../../../../arm-none-eabi/lib/thumb/v6-m/nofp/libg.a(libc_a-strlen-stub.o)
                0x1000c104                strlen
 .text.__register_exitproc
                0x1000c160       0xa8 /usr/lib/gcc/arm-none-eabi/14.2.0/../../../../arm-none-eabi/lib/thumb/v6-m/nofp/libg.a(libc_a-__atexit.o)
                0x1000c160                __register_exitproc
 .text.startup.register_fini
                0x1000c208       0x18 /usr/lib/gcc/arm-none-eabi/14.2.0/../../../../arm-none-eabi/lib/thumb/v6-m/nofp/libg.a(libc_a-__call_atexit.o)
 .text._malloc_trim_r
                0x1000c220       0xb4 /usr/lib/gcc/arm-none-eabi/14.2.0/../../../../arm-none-eabi/lib/thumb/v6-m/nofp/libg.a(libc_a-freer.o)
                0x1000c220                _malloc_trim_r
 .text._free_r  0x1000c2d4      0x1f0 /usr/lib/gcc/arm-none-eabi/14.2.0/../../../../arm-none-eabi/lib/thumb/v6-m/nofp/libg.a(libc_a-freer.o)
                0x1000c2d4                _free_r
 *(.fini)
 .fini          0x1000c4c4        0x4 /usr/lib/gcc/arm-none-eabi/14.2.0/thumb/v6-m/nofp/crti.o
                0x1000c4c4                _fini
 .fini.__stub   0x1000c4c8      0x130 linker stubs
 *crtbegin.o(.ctors)
 *crtbegin?.o(.ctors)
 *(EXCLUDE_FILE(*crtend.o *crtend?.o) .ctors)
 *(SORT_BY_NAME(.ctors.*))
 *(.ctors)
 *crtbegin.o(.dtors)
 *crtbegin?.o(.dtors)
 *(EXCLUDE_FILE(*crtend.o *crtend?.o) .dtors)
 *(SORT_BY_NAME(.dtors.*))
 *(.dtors)
                0x1000c5f8                        . = ALIGN (0x4)
                0x1000c5f8                        PROVIDE (__preinit_array_start = .)
 *(SORT_BY_NAME(.preinit_array.*))
 .preinit_array.00100
                0x1000c5f8        0x4 CMakeFiles/sub_pico.dir/usr/share/pico-sdk/src/rp2_common/pico_runtime_init/runtime_init.c.o
                0x1000c5f8                __pre_init_runtime_init_early_resets
 .preinit_array.00101
                0x1000c5fc        0x4 CMakeFiles/sub_pico.dir/usr/share/pico-sdk/src/rp2_common/pico_runtime_init/runtime_init.c.o
                0x1000c5fc                __pre_init_runtime_init_usb_power_down
 .preinit_array.00275
                0x1000c600        0x4 CMakeFiles/sub_pico.dir/usr/share/pico-sdk/src/rp2_common/pico_bit_ops/bit_ops_aeabi.S.o
 .preinit_array.00300
                0x1000c604        0x4 CMakeFiles/sub_pico.dir/usr/share/pico-sdk/src/rp2_common/pico_mem_ops/mem_ops_aeabi.S.o
 .preinit_array.00350
                0x1000c608        0x4 CMakeFiles/sub_pico.dir/usr/share/pico-sdk/src/rp2_common/pico_double/double_aeabi_rp2040.S.o
 .preinit_array.00350
                0x1000c60c        0x4 CMakeFiles/sub_pico.dir/usr/share/pico-sdk/src/rp2_common/pico_float/float_aeabi_rp2040.S.o
 .preinit_array.00500
                0x1000c610        0x4 CMakeFiles/sub_pico.dir/usr/share/pico-sdk/src/rp2_common/pico_runtime_init/runtime_init.c.o
                0x1000c610                __pre_init_runtime_init_clocks
 .preinit_array.00600
                0x1000c614        0x4 CMakeFiles/sub_pico.dir/usr/share/pico-sdk/src/rp2_common/pico_runtime_init/runtime_init.c.o
                0x1000c614                __pre_init_runtime_init_post_clock_resets
 .preinit_array.00700
                0x1000c618        0x4 CMakeFiles/sub_pico.dir/usr/share/pico-sdk/src/rp2_common/pico_runtime_init/runtime_init.c.o
                0x1000c618                __pre_init_runtime_init_rp2040_gpio_ie_disable
 .preinit_array.01000
                0x1000c61c        0x4 CMakeFiles/sub_pico.dir/usr/share/pico-sdk/src/rp2_common/pico_runtime_init/runtime_init.c.o
                0x1000c61c                __pre_init_runtime_init_spin_locks_reset
 .preinit_array.01100
                0x1000c620        0x4 CMakeFiles/sub_pico.dir/usr/share/pico-sdk/src/common/pico_sync/mutex.c.o
                0x1000c620                __pre_init_runtime_init_mutex
 .preinit_array.10080
                0x1000c624        0x4 CMakeFiles/sub_pico.dir/usr/share/pico-sdk/src/rp2_common/pico_runtime_init/runtime_init.c.o
                0x1000c624                __pre_init_runtime_init_install_ram_vector_table
 .preinit_array.11000
                0x1000c628        0x4 CMakeFiles/sub_pico.dir/usr/share/pico-sdk/src/common/pico_time/time.c.o
                0x1000c628                __pre_init_runtime_init_default_alarm_pool
 .preinit_array.YYYYY
                0x1000c62c        0x4 CMakeFiles/sub_pico.dir/usr/share/pico-sdk/src/rp2_common/pico_runtime/runtime.c.o
                0x1000c62c                __pre_init_first_per_core_initializer
 .preinit_array.ZZZZZ.01200
                0x1000c630        0x4 CMakeFiles/sub_pico.dir/usr/share/pico-sdk/src/rp2_common/hardware_irq/irq.c.o
                0x1000c630                __pre_init_runtime_init_per_core_irq_priorities
 *(.preinit_array)
                0x1000c634                        PROVIDE (__preinit_array_end = .)
                0x1000c634                        . = ALIGN (0x4)
                0x1000c634                        PROVIDE (__init_array_start = .)
 *(SORT_BY_NAME(.init_array.*))
 .init_array.00000
                0x1000c634        0x4 /usr/lib/gcc/arm-none-eabi/14.2.0/../../../../arm-none-eabi/lib/thumb/v6-m/nofp/libg.a(libc_a-__call_atexit.o)
 *(.init_array)
 .init_array    0x1000c638        0x4 /usr/lib/gcc/arm-none-eabi/14.2.0/thumb/v6-m/nofp/crtbegin.o
 .init_array    0x1000c63c        0x4 CMakeFiles/sub_pico.dir/usr/share/pico-sdk/src/rp2_common/pico_unique_id/unique_id.c.o
                0x1000c640                        PROVIDE (__init_array_end = .)
                0x1000c640                        . = ALIGN (0x4)
                0x1000c640                        PROVIDE (__fini_array_start = .)
 *(SORT_BY_NAME(.fini_array.*))
 *(.fini_array)
                0x1000c640                        PROVIDE (__fini_array_end = .)
 *(.eh_frame*)
 .eh_frame      0x1000c640        0x0 /usr/lib/gcc/arm-none-eabi/14.2.0/thumb/v6-m/nofp/crtbegin.o
                0x1000c640                        . = ALIGN (0x4)

.glue_7         0x1000c640        0x0
 .glue_7        0x1000c640        0x0 linker stubs

.glue_7t        0x1000c640        0x0
 .glue_7t       0x1000c640        0x0 linker stubs

.vfp11_veneer   0x1000c640        0x0
 .vfp11_veneer  0x1000c640        0x0 linker stubs

.v4_bx          0x1000c640        0x0
 .v4_bx         0x1000c640        0x0 linker stubs

.iplt           0x1000c640        0x0
 .iplt          0x1000c640        0x0 /usr/lib/gcc/arm-none-eabi/14.2.0/thumb/v6-m/nofp/crtbegin.o

.rodata         0x1000c640    0x38138
 *(EXCLUDE_FILE(*libm.a: *libc.a:*lib_a-mem*.o *libgcc.a:) .rodata*)
 .rodata.main.str1.4
                0x1000c640      0x6cc CMakeFiles/sub_pico.dir/src/main.cpp.o
                                 0x49 (size before relaxing)
 .rodata.str1.4
                0x1000cd0c       0x16 CMakeFiles/sub_pico.dir/src/main.cpp.o
 .rodata.panic.str1.4
                0x1000cd0c       0x12 CMakeFiles/sub_pico.dir/usr/share/pico-sdk/src/rp2_common/pico_platform_panic/panic.c.o
 .rodata.spin_lock_claim_unused.str1.4
                0x1000cd0c       0x1b CMakeFiles/sub_pico.dir/usr/share/pico-sdk/src/rp2_common/hardware_sync/sync.c.o
 .rodata.user_irq_claim_unused.str1.4
                0x1000cd0c       0x1b CMakeFiles/sub_pico.dir/usr/share/pico-sdk/src/rp2_common/hardware_irq/irq.c.o
 *fill*         0x1000cd0c        0x4 
 .rodata.at_the_end_of_time
                0x1000cd10        0x8 CMakeFiles/sub_pico.dir/usr/share/pico-sdk/src/common/pico_time/time.c.o
                0x1000cd10                at_the_end_of_time
 .rodata.timer_hardware_alarm_claim.str1.4
                0x1000cd18       0x22 CMakeFiles/sub_pico.dir/usr/share/pico-sdk/src/rp2_common/hardware_timer/timer.c.o
 .rodata.timer_hardware_alarm_claim_unused.str1.4
                0x1000cd18       0x14 CMakeFiles/sub_pico.dir/usr/share/pico-sdk/src/rp2_common/hardware_timer/timer.c.o
 .rodata.hard_assertion_failure.str1.4
                0x1000cd18        0xc CMakeFiles/sub_pico.dir/usr/share/pico-sdk/src/rp2_common/pico_runtime/runtime.c.o
 .rodata.missing_double_func_shim.str1.4
                0x1000cd18       0x18 CMakeFiles/sub_pico.dir/usr/share/pico-sdk/src/rp2_common/pico_double/double_init_rom_rp2040.c.o
 .rodata.missing_float_func_shim.str1.4
                0x1000cd18        0x1 CMakeFiles/sub_pico.dir/usr/share/pico-sdk/src/rp2_common/pico_float/float_init_rom_rp2040.c.o
 .rodata.__wrap_malloc.str1.4
                0x1000cd18        0xe CMakeFiles/sub_pico.dir/usr/share/pico-sdk/src/rp2_common/pico_malloc/malloc.c.o
 .rodata.str1.4
                0x1000cd18       0x40 CMakeFiles/sub_pico.dir/usr/share/pico-sdk/src/rp2_common/pico_standard_binary_info/standard_binary_info.c.o
 .rodata.__bi_84
                0x1000cd18        0xc CMakeFiles/sub_pico.dir/usr/share/pico-sdk/src/rp2_common/pico_standard_binary_info/standard_binary_info.c.o
 .rodata.__bi_78
                0x1000cd24        0xc CMakeFiles/sub_pico.dir/usr/share/pico-sdk/src/rp2_common/pico_standard_binary_info/standard_binary_info.c.o
 .rodata.__bi_54
                0x1000cd30        0xc CMakeFiles/sub_pico.dir/usr/share/pico-sdk/src/rp2_common/pico_standard_binary_info/standard_binary_info.c.o
 .rodata.__bi_48
                0x1000cd3c        0xc CMakeFiles/sub_pico.dir/usr/share/pico-sdk/src/rp2_common/pico_standard_binary_info/standard_binary_info.c.o
 .rodata.__bi_42
                0x1000cd48        0xc CMakeFiles/sub_pico.dir/usr/share/pico-sdk/src/rp2_common/pico_standard_binary_info/standard_binary_info.c.o
 .rodata.__bi_34
                0x1000cd54        0xc CMakeFiles/sub_pico.dir/usr/share/pico-sdk/src/rp2_common/pico_standard_binary_info/standard_binary_info.c.o
 .rodata.__bi_26
                0x1000cd60        0xc CMakeFiles/sub_pico.dir/usr/share/pico-sdk/src/rp2_common/pico_standard_binary_info/standard_binary_info.c.o
 .rodata._ftoa.str1.4
                0x1000cd6c       0x15 CMakeFiles/sub_pico.dir/usr/share/pico-sdk/src/rp2_common/pico_printf/printf.c.o
 .rodata._vsnprintf
                0x1000cd6c      0x19c CMakeFiles/sub_pico.dir/usr/share/pico-sdk/src/rp2_common/pico_printf/printf.c.o
 .rodata.pow10.0
                0x1000cf08       0x50 CMakeFiles/sub_pico.dir/usr/share/pico-sdk/src/rp2_common/pico_printf/printf.c.o
 .rodata.crlf_str.0
                0x1000cf58        0x2 CMakeFiles/sub_pico.dir/usr/share/pico-sdk/src/rp2_common/pico_stdio/stdio.c.o
 .rodata.str1.4
                0x1000cf5a       0x2c CMakeFiles/sub_pico.dir/usr/share/pico-sdk/src/rp2_common/pico_stdio_uart/stdio_uart.c.o
 *fill*         0x1000cf5a        0x2 
 .rodata.__bi_45.4
                0x1000cf5c        0xc CMakeFiles/sub_pico.dir/usr/share/pico-sdk/src/rp2_common/pico_stdio_uart/stdio_uart.c.o
 .rodata.__bi_49.5
                0x1000cf68        0x8 CMakeFiles/sub_pico.dir/usr/share/pico-sdk/src/rp2_common/pico_stdio_uart/stdio_uart.c.o
 .rodata.__bi_50.6
                0x1000cf70        0x8 CMakeFiles/sub_pico.dir/usr/share/pico-sdk/src/rp2_common/pico_stdio_uart/stdio_uart.c.o
 .rodata._resetd_driver
                0x1000cf78       0x20 CMakeFiles/sub_pico.dir/usr/share/pico-sdk/src/rp2_common/pico_stdio_usb/reset_interface.c.o
 .rodata.desc_ms_os_20
                0x1000cf98       0xa6 CMakeFiles/sub_pico.dir/usr/share/pico-sdk/src/rp2_common/pico_stdio_usb/reset_interface.c.o
 *fill*         0x1000d03e        0x2 
 .rodata.desc_bos
                0x1000d040       0x21 CMakeFiles/sub_pico.dir/usr/share/pico-sdk/src/rp2_common/pico_stdio_usb/reset_interface.c.o
                0x1000d040                desc_bos
 .rodata.str1.4
                0x1000d061       0x13 CMakeFiles/sub_pico.dir/usr/share/pico-sdk/src/rp2_common/pico_stdio_usb/stdio_usb.c.o
 *fill*         0x1000d061        0x3 
 .rodata.__bi_197.0
                0x1000d064        0xc CMakeFiles/sub_pico.dir/usr/share/pico-sdk/src/rp2_common/pico_stdio_usb/stdio_usb.c.o
 .rodata.str1.4
                0x1000d070       0x2a CMakeFiles/sub_pico.dir/usr/share/pico-sdk/src/rp2_common/pico_stdio_usb/stdio_usb_descriptors.c.o
 .rodata.usbd_desc_str
                0x1000d070       0x18 CMakeFiles/sub_pico.dir/usr/share/pico-sdk/src/rp2_common/pico_stdio_usb/stdio_usb_descriptors.c.o
 .rodata.usbd_desc_cfg
                0x1000d088       0x54 CMakeFiles/sub_pico.dir/usr/share/pico-sdk/src/rp2_common/pico_stdio_usb/stdio_usb_descriptors.c.o
 .rodata.usbd_desc_device
                0x1000d0dc       0x12 CMakeFiles/sub_pico.dir/usr/share/pico-sdk/src/rp2_common/pico_stdio_usb/stdio_usb_descriptors.c.o
 .rodata.str1.4
                0x1000d0ee       0x14 CMakeFiles/sub_pico.dir/usr/share/pico-sdk/lib/tinyusb/src/portable/raspberrypi/rp2040/dcd_rp2040.c.o
 .rodata.str1.4
                0x1000d0ee       0x48 CMakeFiles/sub_pico.dir/usr/share/pico-sdk/lib/tinyusb/src/portable/raspberrypi/rp2040/rp2040_usb.c.o
 *fill*         0x1000d0ee        0x2 
 .rodata.tud_task_ext
                0x1000d0f0       0x8c CMakeFiles/sub_pico.dir/usr/share/pico-sdk/lib/tinyusb/src/device/usbd.c.o
 .rodata        0x1000d17c       0x1c CMakeFiles/sub_pico.dir/usr/share/pico-sdk/lib/tinyusb/src/device/usbd.c.o
 .rodata._usbd_driver
                0x1000d198       0x40 CMakeFiles/sub_pico.dir/usr/share/pico-sdk/lib/tinyusb/src/device/usbd.c.o
 .rodata.cyw43_read_bytes.str1.4
                0x1000d1d8       0x1a CMakeFiles/sub_pico.dir/usr/share/pico-sdk/src/rp2_common/pico_cyw43_driver/cyw43_bus_pio_spi.c.o
 .rodata.cyw43_write_bytes.str1.4
                0x1000d1d8        0xd CMakeFiles/sub_pico.dir/usr/share/pico-sdk/src/rp2_common/pico_cyw43_driver/cyw43_bus_pio_spi.c.o
 .rodata.spi_gap01_sample0_program
                0x1000d1d8        0x8 CMakeFiles/sub_pico.dir/usr/share/pico-sdk/src/rp2_common/pico_cyw43_driver/cyw43_bus_pio_spi.c.o
 .rodata.spi_gap01_sample0_program_instructions
                0x1000d1e0        0xc CMakeFiles/sub_pico.dir/usr/share/pico-sdk/src/rp2_common/pico_cyw43_driver/cyw43_bus_pio_spi.c.o
 .rodata.cyw43_kso_set.str1.4
                0x1000d1ec       0x23 CMakeFiles/sub_pico.dir/usr/share/pico-sdk/lib/cyw43-driver/src/cyw43_ll.c.o
 .rodata.cyw43_ll_sdpcm_poll_device.str1.4
                0x1000d1ec       0x55 CMakeFiles/sub_pico.dir/usr/share/pico-sdk/lib/cyw43-driver/src/cyw43_ll.c.o
 .rodata.cyw43_sdpcm_send_common.str1.4
                0x1000d1ec       0x22 CMakeFiles/sub_pico.dir/usr/share/pico-sdk/lib/cyw43-driver/src/cyw43_ll.c.o
 .rodata.cyw43_do_ioctl.part.0.str1.4
                0x1000d1ec       0x53 CMakeFiles/sub_pico.dir/usr/share/pico-sdk/lib/cyw43-driver/src/cyw43_ll.c.o
 .rodata.reset_device_core.constprop.0.str1.4
                0x1000d1ec       0x1a CMakeFiles/sub_pico.dir/usr/share/pico-sdk/lib/cyw43-driver/src/cyw43_ll.c.o
 .rodata.cyw43_ll_wifi_on.str1.4
                0x1000d1ec       0x52 CMakeFiles/sub_pico.dir/usr/share/pico-sdk/lib/cyw43-driver/src/cyw43_ll.c.o
 .rodata.cyw43_ll_bus_init.str1.4
                0x1000d1ec       0xea CMakeFiles/sub_pico.dir/usr/share/pico-sdk/lib/cyw43-driver/src/cyw43_ll.c.o
 .rodata.cyw43_ll_wifi_pm.str1.4
                0x1000d1ec       0x35 CMakeFiles/sub_pico.dir/usr/share/pico-sdk/lib/cyw43-driver/src/cyw43_ll.c.o
 .rodata.cyw43_ll_wifi_join.str1.4
                0x1000d1ec       0x55 CMakeFiles/sub_pico.dir/usr/share/pico-sdk/lib/cyw43-driver/src/cyw43_ll.c.o
 .rodata.cyw43_ll_wifi_ap_init.str1.4
                0x1000d1ec       0x45 CMakeFiles/sub_pico.dir/usr/share/pico-sdk/lib/cyw43-driver/src/cyw43_ll.c.o
 .rodata.cyw43_ll_wifi_ap_set_up.str1.4
                0x1000d1ec        0x4 CMakeFiles/sub_pico.dir/usr/share/pico-sdk/lib/cyw43-driver/src/cyw43_ll.c.o
 .rodata.w43439A0_7_95_49_00_combined
                0x1000d1ec    0x36fd8 CMakeFiles/sub_pico.dir/usr/share/pico-sdk/lib/cyw43-driver/src/cyw43_ll.c.o
 .rodata.wifi_nvram_4343
                0x100441c4      0x2e7 CMakeFiles/sub_pico.dir/usr/share/pico-sdk/lib/cyw43-driver/src/cyw43_ll.c.o
 *fill*         0x100444ab        0x1 
 .rodata        0x100444ac       0x72 CMakeFiles/sub_pico.dir/usr/share/pico-sdk/lib/cyw43-driver/src/cyw43_ll.c.o
 .rodata.cyw43_cb_process_async_event.str1.4